Archive member included to satisfy reference by file (symbol)

C:/ST/STM32CubeIDE_1.13.1/STM32CubeIDE/plugins/com.st.stm32cube.ide.mcu.externaltools.gnu-tools-for-stm32.11.3.rel1.win32_1.1.0.202305231506/tools/bin/../lib/gcc/arm-none-eabi/11.3.1/../../../../arm-none-eabi/lib/thumb/v7e-m+fp/hard\libc_nano.a(libc_a-exit.o)
                              C:/ST/STM32CubeIDE_1.13.1/STM32CubeIDE/plugins/com.st.stm32cube.ide.mcu.externaltools.gnu-tools-for-stm32.11.3.rel1.win32_1.1.0.202305231506/tools/bin/../lib/gcc/arm-none-eabi/11.3.1/../../../../arm-none-eabi/lib/thumb/v7e-m+fp/hard/crt0.o (exit)
C:/ST/STM32CubeIDE_1.13.1/STM32CubeIDE/plugins/com.st.stm32cube.ide.mcu.externaltools.gnu-tools-for-stm32.11.3.rel1.win32_1.1.0.202305231506/tools/bin/../lib/gcc/arm-none-eabi/11.3.1/../../../../arm-none-eabi/lib/thumb/v7e-m+fp/hard\libc_nano.a(libc_a-findfp.o)
                              C:/ST/STM32CubeIDE_1.13.1/STM32CubeIDE/plugins/com.st.stm32cube.ide.mcu.externaltools.gnu-tools-for-stm32.11.3.rel1.win32_1.1.0.202305231506/tools/bin/../lib/gcc/arm-none-eabi/11.3.1/../../../../arm-none-eabi/lib/thumb/v7e-m+fp/hard\libc_nano.a(libc_a-exit.o) (__stdio_exit_handler)
C:/ST/STM32CubeIDE_1.13.1/STM32CubeIDE/plugins/com.st.stm32cube.ide.mcu.externaltools.gnu-tools-for-stm32.11.3.rel1.win32_1.1.0.202305231506/tools/bin/../lib/gcc/arm-none-eabi/11.3.1/../../../../arm-none-eabi/lib/thumb/v7e-m+fp/hard\libc_nano.a(libc_a-fwalk.o)
                              C:/ST/STM32CubeIDE_1.13.1/STM32CubeIDE/plugins/com.st.stm32cube.ide.mcu.externaltools.gnu-tools-for-stm32.11.3.rel1.win32_1.1.0.202305231506/tools/bin/../lib/gcc/arm-none-eabi/11.3.1/../../../../arm-none-eabi/lib/thumb/v7e-m+fp/hard\libc_nano.a(libc_a-findfp.o) (_fwalk_sglue)
C:/ST/STM32CubeIDE_1.13.1/STM32CubeIDE/plugins/com.st.stm32cube.ide.mcu.externaltools.gnu-tools-for-stm32.11.3.rel1.win32_1.1.0.202305231506/tools/bin/../lib/gcc/arm-none-eabi/11.3.1/../../../../arm-none-eabi/lib/thumb/v7e-m+fp/hard\libc_nano.a(libc_a-sprintf.o)
                              ./Core/Src/main.o (sprintf)
C:/ST/STM32CubeIDE_1.13.1/STM32CubeIDE/plugins/com.st.stm32cube.ide.mcu.externaltools.gnu-tools-for-stm32.11.3.rel1.win32_1.1.0.202305231506/tools/bin/../lib/gcc/arm-none-eabi/11.3.1/../../../../arm-none-eabi/lib/thumb/v7e-m+fp/hard\libc_nano.a(libc_a-stdio.o)
                              C:/ST/STM32CubeIDE_1.13.1/STM32CubeIDE/plugins/com.st.stm32cube.ide.mcu.externaltools.gnu-tools-for-stm32.11.3.rel1.win32_1.1.0.202305231506/tools/bin/../lib/gcc/arm-none-eabi/11.3.1/../../../../arm-none-eabi/lib/thumb/v7e-m+fp/hard\libc_nano.a(libc_a-findfp.o) (__sread)
C:/ST/STM32CubeIDE_1.13.1/STM32CubeIDE/plugins/com.st.stm32cube.ide.mcu.externaltools.gnu-tools-for-stm32.11.3.rel1.win32_1.1.0.202305231506/tools/bin/../lib/gcc/arm-none-eabi/11.3.1/../../../../arm-none-eabi/lib/thumb/v7e-m+fp/hard\libc_nano.a(libc_a-memset.o)
                              C:/ST/STM32CubeIDE_1.13.1/STM32CubeIDE/plugins/com.st.stm32cube.ide.mcu.externaltools.gnu-tools-for-stm32.11.3.rel1.win32_1.1.0.202305231506/tools/bin/../lib/gcc/arm-none-eabi/11.3.1/../../../../arm-none-eabi/lib/thumb/v7e-m+fp/hard/crt0.o (memset)
C:/ST/STM32CubeIDE_1.13.1/STM32CubeIDE/plugins/com.st.stm32cube.ide.mcu.externaltools.gnu-tools-for-stm32.11.3.rel1.win32_1.1.0.202305231506/tools/bin/../lib/gcc/arm-none-eabi/11.3.1/../../../../arm-none-eabi/lib/thumb/v7e-m+fp/hard\libc_nano.a(libc_a-closer.o)
                              C:/ST/STM32CubeIDE_1.13.1/STM32CubeIDE/plugins/com.st.stm32cube.ide.mcu.externaltools.gnu-tools-for-stm32.11.3.rel1.win32_1.1.0.202305231506/tools/bin/../lib/gcc/arm-none-eabi/11.3.1/../../../../arm-none-eabi/lib/thumb/v7e-m+fp/hard\libc_nano.a(libc_a-stdio.o) (_close_r)
C:/ST/STM32CubeIDE_1.13.1/STM32CubeIDE/plugins/com.st.stm32cube.ide.mcu.externaltools.gnu-tools-for-stm32.11.3.rel1.win32_1.1.0.202305231506/tools/bin/../lib/gcc/arm-none-eabi/11.3.1/../../../../arm-none-eabi/lib/thumb/v7e-m+fp/hard\libc_nano.a(libc_a-reent.o)
                              C:/ST/STM32CubeIDE_1.13.1/STM32CubeIDE/plugins/com.st.stm32cube.ide.mcu.externaltools.gnu-tools-for-stm32.11.3.rel1.win32_1.1.0.202305231506/tools/bin/../lib/gcc/arm-none-eabi/11.3.1/../../../../arm-none-eabi/lib/thumb/v7e-m+fp/hard\libc_nano.a(libc_a-closer.o) (errno)
C:/ST/STM32CubeIDE_1.13.1/STM32CubeIDE/plugins/com.st.stm32cube.ide.mcu.externaltools.gnu-tools-for-stm32.11.3.rel1.win32_1.1.0.202305231506/tools/bin/../lib/gcc/arm-none-eabi/11.3.1/../../../../arm-none-eabi/lib/thumb/v7e-m+fp/hard\libc_nano.a(libc_a-impure.o)
                              C:/ST/STM32CubeIDE_1.13.1/STM32CubeIDE/plugins/com.st.stm32cube.ide.mcu.externaltools.gnu-tools-for-stm32.11.3.rel1.win32_1.1.0.202305231506/tools/bin/../lib/gcc/arm-none-eabi/11.3.1/../../../../arm-none-eabi/lib/thumb/v7e-m+fp/hard\libc_nano.a(libc_a-sprintf.o) (_impure_ptr)
[...]
Memory Configuration

Name             Origin             Length             Attributes
RAM              0x0000000020000000 0x0000000000020000 xrw
FLASH            0x0000000008000000 0x0000000000080000 xr
*default*        0x0000000000000000 0xffffffffffffffff

Linker script and memory map

LOAD C:/ST/STM32CubeIDE_1.13.1/STM32CubeIDE/plugins/com.st.stm32cube.ide.mcu.externaltools.gnu-tools-for-stm32.11.3.rel1.win32_1.1.0.202305231506/tools/bin/../lib/gcc/arm-none-eabi/11.3.1/thumb/v7e-m+fp/hard/crti.o
LOAD C:/ST/STM32CubeIDE_1.13.1/STM32CubeIDE/plugins/com.st.stm32cube.ide.mcu.externaltools.gnu-tools-for-stm32.11.3.rel1.win32_1.1.0.202305231506/tools/bin/../lib/gcc/arm-none-eabi/11.3.1/thumb/v7e-m+fp/hard/crtbegin.o
LOAD C:/ST/STM32CubeIDE_1.13.1/STM32CubeIDE/plugins/com.st.stm32cube.ide.mcu.externaltools.gnu-tools-for-stm32.11.3.rel1.win32_1.1.0.202305231506/tools/bin/../lib/gcc/arm-none-eabi/11.3.1/../../../../arm-none-eabi/lib/thumb/v7e-m+fp/hard/crt0.o
LOAD ./Core/Inc/nokia5110_LCD.o
LOAD ./Core/Src/main.o
LOAD ./Core/Src/stm32f4xx_hal_msp.o
LOAD ./Core/Src/stm32f4xx_it.o
LOAD ./Core/Src/syscalls.o
LOAD ./Core/Src/sysmem.o
LOAD ./Core/Src/system_stm32f4xx.o
LOAD ./Core/Startup/startup_stm32f411ceux.o
LOAD ./Drivers/STM32F4xx_HAL_Driver/Src/stm32f4xx_hal.o
LOAD ./Drivers/STM32F4xx_HAL_Driver/Src/stm32f4xx_hal_adc.o
LOAD ./Drivers/STM32F4xx_HAL_Driver/Src/stm32f4xx_hal_adc_ex.o
LOAD ./Drivers/STM32F4xx_HAL_Driver/Src/stm32f4xx_hal_cortex.o
LOAD ./Drivers/STM32F4xx_HAL_Driver/Src/stm32f4xx_hal_dma.o
LOAD ./Drivers/STM32F4xx_HAL_Driver/Src/stm32f4xx_hal_dma_ex.o
LOAD ./Drivers/STM32F4xx_HAL_Driver/Src/stm32f4xx_hal_exti.o
LOAD ./Drivers/STM32F4xx_HAL_Driver/Src/stm32f4xx_hal_flash.o
LOAD ./Drivers/STM32F4xx_HAL_Driver/Src/stm32f4xx_hal_flash_ex.o
LOAD ./Drivers/STM32F4xx_HAL_Driver/Src/stm32f4xx_hal_flash_ramfunc.o
LOAD ./Drivers/STM32F4xx_HAL_Driver/Src/stm32f4xx_hal_gpio.o
LOAD ./Drivers/STM32F4xx_HAL_Driver/Src/stm32f4xx_hal_pwr.o
LOAD ./Drivers/STM32F4xx_HAL_Driver/Src/stm32f4xx_hal_pwr_ex.o
LOAD ./Drivers/STM32F4xx_HAL_Driver/Src/stm32f4xx_hal_rcc.o
LOAD ./Drivers/STM32F4xx_HAL_Driver/Src/stm32f4xx_hal_rcc_ex.o
LOAD ./Drivers/STM32F4xx_HAL_Driver/Src/stm32f4xx_hal_tim.o
LOAD ./Drivers/STM32F4xx_HAL_Driver/Src/stm32f4xx_hal_tim_ex.o
LOAD ./Drivers/STM32F4xx_HAL_Driver/Src/stm32f4xx_ll_adc.o
START GROUP
LOAD C:/ST/STM32CubeIDE_1.13.1/STM32CubeIDE/plugins/com.st.stm32cube.ide.mcu.externaltools.gnu-tools-for-stm32.11.3.rel1.win32_1.1.0.202305231506/tools/bin/../lib/gcc/arm-none-eabi/11.3.1/../../../../arm-none-eabi/lib/thumb/v7e-m+fp/hard\libc_nano.a
LOAD C:/ST/STM32CubeIDE_1.13.1/STM32CubeIDE/plugins/com.st.stm32cube.ide.mcu.externaltools.gnu-tools-for-stm32.11.3.rel1.win32_1.1.0.202305231506/tools/bin/../lib/gcc/arm-none-eabi/11.3.1/../../../../arm-none-eabi/lib/thumb/v7e-m+fp/hard\libm.a
END GROUP
START GROUP
LOAD C:/ST/STM32CubeIDE_1.13.1/STM32CubeIDE/plugins/com.st.stm32cube.ide.mcu.externaltools.gnu-tools-for-stm32.11.3.rel1.win32_1.1.0.202305231506/tools/bin/../lib/gcc/arm-none-eabi/11.3.1/thumb/v7e-m+fp/hard\libgcc.a
LOAD C:/ST/STM32CubeIDE_1.13.1/STM32CubeIDE/plugins/com.st.stm32cube.ide.mcu.externaltools.gnu-tools-for-stm32.11.3.rel1.win32_1.1.0.202305231506/tools/bin/../lib/gcc/arm-none-eabi/11.3.1/../../../../arm-none-eabi/lib/thumb/v7e-m+fp/hard\libc_nano.a
END GROUP
START GROUP
LOAD C:/ST/STM32CubeIDE_1.13.1/STM32CubeIDE/plugins/com.st.stm32cube.ide.mcu.externaltools.gnu-tools-for-stm32.11.3.rel1.win32_1.1.0.202305231506/tools/bin/../lib/gcc/arm-none-eabi/11.3.1/thumb/v7e-m+fp/hard\libgcc.a
LOAD C:/ST/STM32CubeIDE_1.13.1/STM32CubeIDE/plugins/com.st.stm32cube.ide.mcu.externaltools.gnu-tools-for-stm32.11.3.rel1.win32_1.1.0.202305231506/tools/bin/../lib/gcc/arm-none-eabi/11.3.1/../../../../arm-none-eabi/lib/thumb/v7e-m+fp/hard\libc_nano.a
LOAD C:/ST/STM32CubeIDE_1.13.1/STM32CubeIDE/plugins/com.st.stm32cube.ide.mcu.externaltools.gnu-tools-for-stm32.11.3.rel1.win32_1.1.0.202305231506/tools/bin/../lib/gcc/arm-none-eabi/11.3.1/../../../../arm-none-eabi/lib/thumb/v7e-m+fp/hard\libnosys.a
END GROUP
START GROUP
LOAD C:/ST/STM32CubeIDE_1.13.1/STM32CubeIDE/plugins/com.st.stm32cube.ide.mcu.externaltools.gnu-tools-for-stm32.11.3.rel1.win32_1.1.0.202305231506/tools/bin/../lib/gcc/arm-none-eabi/11.3.1/thumb/v7e-m+fp/hard\libgcc.a
LOAD C:/ST/STM32CubeIDE_1.13.1/STM32CubeIDE/plugins/com.st.stm32cube.ide.mcu.externaltools.gnu-tools-for-stm32.11.3.rel1.win32_1.1.0.202305231506/tools/bin/../lib/gcc/arm-none-eabi/11.3.1/../../../../arm-none-eabi/lib/thumb/v7e-m+fp/hard\libc_nano.a
LOAD C:/ST/STM32CubeIDE_1.13.1/STM32CubeIDE/plugins/com.st.stm32cube.ide.mcu.externaltools.gnu-tools-for-stm32.11.3.rel1.win32_1.1.0.202305231506/tools/bin/../lib/gcc/arm-none-eabi/11.3.1/../../../../arm-none-eabi/lib/thumb/v7e-m+fp/hard\libnosys.a
END GROUP
LOAD C:/ST/STM32CubeIDE_1.13.1/STM32CubeIDE/plugins/com.st.stm32cube.ide.mcu.externaltools.gnu-tools-for-stm32.11.3.rel1.win32_1.1.0.202305231506/tools/bin/../lib/gcc/arm-none-eabi/11.3.1/thumb/v7e-m+fp/hard/crtend.o
LOAD C:/ST/STM32CubeIDE_1.13.1/STM32CubeIDE/plugins/com.st.stm32cube.ide.mcu.externaltools.gnu-tools-for-stm32.11.3.rel1.win32_1.1.0.202305231506/tools/bin/../lib/gcc/arm-none-eabi/11.3.1/thumb/v7e-m+fp/hard/crtn.o
                0x0000000020020000                _estack = (ORIGIN (RAM) + LENGTH (RAM))
                0x0000000000000200                _Min_Heap_Size = 0x200
                0x0000000000000400                _Min_Stack_Size = 0x400

.isr_vector     0x0000000008000000      0x198
                0x0000000008000000                . = ALIGN (0x4)
 *(.isr_vector)
 .isr_vector    0x0000000008000000      0x198 ./Core/Startup/startup_stm32f411ceux.o
                0x0000000008000000                g_pfnVectors
                0x0000000008000198                . = ALIGN (0x4)

.text           0x00000000080001a0     0x421c
                0x00000000080001a0                . = ALIGN (0x4)
 *(.text)
 .text          0x00000000080001a0       0x40 C:/ST/STM32CubeIDE_1.13.1/STM32CubeIDE/plugins/com.st.stm32cube.ide.mcu.externaltools.gnu-tools-for-stm32.11.3.rel1.win32_1.1.0.202305231506/tools/bin/../lib/gcc/arm-none-eabi/11.3.1/thumb/v7e-m+fp/hard/crtbegin.o
 .text          0x00000000080001e0       0xa0 C:/ST/STM32CubeIDE_1.13.1/STM32CubeIDE/plugins/com.st.stm32cube.ide.mcu.externaltools.gnu-tools-for-stm32.11.3.rel1.win32_1.1.0.202305231506/tools/bin/../lib/gcc/arm-none-eabi/11.3.1/../../../../arm-none-eabi/lib/thumb/v7e-m+fp/hard\libc_nano.a(libc_a-memchr.o)
                0x00000000080001e0                memchr
 .text          0x0000000008000280       0x30 C:/ST/STM32CubeIDE_1.13.1/STM32CubeIDE/plugins/com.st.stm32cube.ide.mcu.externaltools.gnu-tools-for-stm32.11.3.rel1.win32_1.1.0.202305231506/tools/bin/../lib/gcc/arm-none-eabi/11.3.1/thumb/v7e-m+fp/hard\libgcc.a(_aeabi_uldivmod.o)
                0x0000000008000280                __aeabi_uldivmod
 .text          0x00000000080002b0      0x2c8 C:/ST/STM32CubeIDE_1.13.1/STM32CubeIDE/plugins/com.st.stm32cube.ide.mcu.externaltools.gnu-tools-for-stm32.11.3.rel1.win32_1.1.0.202305231506/tools/bin/../lib/gcc/arm-none-eabi/11.3.1/thumb/v7e-m+fp/hard\libgcc.a(_udivmoddi4.o)
                0x00000000080002b0                __udivmoddi4
 .text          0x0000000008000578        0x4 C:/ST/STM32CubeIDE_1.13.1/STM32CubeIDE/plugins/com.st.stm32cube.ide.mcu.externaltools.gnu-tools-for-stm32.11.3.rel1.win32_1.1.0.202305231506/tools/bin/../lib/gcc/arm-none-eabi/11.3.1/thumb/v7e-m+fp/hard\libgcc.a(_dvmd_tls.o)
                0x0000000008000578                __aeabi_idiv0
                0x0000000008000578                __aeabi_ldiv0
 *(.text*)
 .text.LCD_setRST
                0x000000000800057c       0x28 ./Core/Inc/nokia5110_LCD.o
                0x000000000800057c                LCD_setRST
 .text.LCD_setCE
                0x00000000080005a4       0x28 ./Core/Inc/nokia5110_LCD.o
                0x00000000080005a4                LCD_setCE
 .text.LCD_setDC
                0x00000000080005cc       0x28 ./Core/Inc/nokia5110_LCD.o
                0x00000000080005cc                LCD_setDC
 .text.LCD_setDIN
                0x00000000080005f4       0x28 ./Core/Inc/nokia5110_LCD.o
                0x00000000080005f4                LCD_setDIN
 .text.LCD_setCLK
                0x000000000800061c       0x28 ./Core/Inc/nokia5110_LCD.o
                0x000000000800061c                LCD_setCLK
 .text.LCD_send
                0x0000000008000644       0x74 ./Core/Inc/nokia5110_LCD.o
                0x0000000008000644                LCD_send
 .text.LCD_write
                0x00000000080006b8       0x94 ./Core/Inc/nokia5110_LCD.o
                0x00000000080006b8                LCD_write
 .text.LCD_init
                0x000000000800074c       0x6c ./Core/Inc/nokia5110_LCD.o
                0x000000000800074c                LCD_init
 .text.LCD_putChar
                0x00000000080007b8       0x84 ./Core/Inc/nokia5110_LCD.o
                0x00000000080007b8                LCD_putChar
 .text.LCD_print
                0x000000000800083c       0x3e ./Core/Inc/nokia5110_LCD.o
                0x000000000800083c                LCD_print
 *fill*         0x000000000800087a        0x2 
 .text.LCD_clrScr
                0x000000000800087c       0x3c ./Core/Inc/nokia5110_LCD.o
                0x000000000800087c                LCD_clrScr
 .text.LCD_goXY
                0x00000000080008b8       0x38 ./Core/Inc/nokia5110_LCD.o
                0x00000000080008b8                LCD_goXY
 .text.HAL_GPIO_EXTI_Callback
                0x00000000080008f0       0x38 ./Core/Src/main.o
                0x00000000080008f0                HAL_GPIO_EXTI_Callback
 .text.selecionarPinoMux
                0x0000000008000928       0xac ./Core/Src/main.o
                0x0000000008000928                selecionarPinoMux
 .text.calibrarBranco
                0x00000000080009d4       0xd0 ./Core/Src/main.o
                0x00000000080009d4                calibrarBranco
 .text.calibrarPreto
                0x0000000008000aa4       0xd0 ./Core/Src/main.o
                0x0000000008000aa4                calibrarPreto
 .text.calcularMediaSensores
                0x0000000008000b74       0x58 ./Core/Src/main.o
                0x0000000008000b74                calcularMediaSensores
 .text.aplicarCalibracao
                0x0000000008000bcc      0x248 ./Core/Src/main.o
                0x0000000008000bcc                aplicarCalibracao
 .text.leituraLinha
                0x0000000008000e14       0x7c ./Core/Src/main.o
                0x0000000008000e14                leituraLinha
 .text.PID      0x0000000008000e90      0x228 ./Core/Src/main.o
                0x0000000008000e90                PID
 .text.setPWM   0x00000000080010b8       0x30 ./Core/Src/main.o
                0x00000000080010b8                setPWM
 .text.ligarMotorA
                0x00000000080010e8       0x30 ./Core/Src/main.o
                0x00000000080010e8                ligarMotorA
 .text.ligarMotorB
                0x0000000008001118       0x24 ./Core/Src/main.o
                0x0000000008001118                ligarMotorB
 .text.main     0x000000000800113c      0x198 ./Core/Src/main.o
                0x000000000800113c                main
 .text.SystemClock_Config
                0x00000000080012d4       0xbc ./Core/Src/main.o
                0x00000000080012d4                SystemClock_Config
 .text.MX_ADC1_Init
                0x0000000008001390       0xa4 ./Core/Src/main.o
 .text.MX_TIM1_Init
                0x0000000008001434      0x108 ./Core/Src/main.o
 .text.MX_TIM2_Init
                0x000000000800153c       0xb0 ./Core/Src/main.o
 .text.MX_GPIO_Init
                0x00000000080015ec      0x128 ./Core/Src/main.o
 .text.Error_Handler
                0x0000000008001714        0xa ./Core/Src/main.o
                0x0000000008001714                Error_Handler
 *fill*         0x000000000800171e        0x2 
 .text.HAL_MspInit
                0x0000000008001720       0x50 ./Core/Src/stm32f4xx_hal_msp.o
                0x0000000008001720                HAL_MspInit
 .text.HAL_ADC_MspInit
                0x0000000008001770       0x88 ./Core/Src/stm32f4xx_hal_msp.o
                0x0000000008001770                HAL_ADC_MspInit
 .text.HAL_TIM_PWM_MspInit
                0x00000000080017f8       0x6c ./Core/Src/stm32f4xx_hal_msp.o
                0x00000000080017f8                HAL_TIM_PWM_MspInit
 .text.HAL_TIM_MspPostInit
                0x0000000008001864       0xc0 ./Core/Src/stm32f4xx_hal_msp.o
                0x0000000008001864                HAL_TIM_MspPostInit
 .text.NMI_Handler
                0x0000000008001924        0x6 ./Core/Src/stm32f4xx_it.o
                0x0000000008001924                NMI_Handler
 .text.HardFault_Handler
                0x000000000800192a        0x6 ./Core/Src/stm32f4xx_it.o
                0x000000000800192a                HardFault_Handler
 .text.MemManage_Handler
                0x0000000008001930        0x6 ./Core/Src/stm32f4xx_it.o
                0x0000000008001930                MemManage_Handler
 .text.BusFault_Handler
                0x0000000008001936        0x6 ./Core/Src/stm32f4xx_it.o
                0x0000000008001936                BusFault_Handler
 .text.UsageFault_Handler
                0x000000000800193c        0x6 ./Core/Src/stm32f4xx_it.o
                0x000000000800193c                UsageFault_Handler
 .text.SVC_Handler
                0x0000000008001942        0xe ./Core/Src/stm32f4xx_it.o
                0x0000000008001942                SVC_Handler
 .text.DebugMon_Handler
                0x0000000008001950        0xe ./Core/Src/stm32f4xx_it.o
                0x0000000008001950                DebugMon_Handler
 .text.PendSV_Handler
                0x000000000800195e        0xe ./Core/Src/stm32f4xx_it.o
                0x000000000800195e                PendSV_Handler
 .text.SysTick_Handler
                0x000000000800196c        0xc ./Core/Src/stm32f4xx_it.o
                0x000000000800196c                SysTick_Handler
 .text.EXTI9_5_IRQHandler
                0x0000000008001978       0x18 ./Core/Src/stm32f4xx_it.o
                0x0000000008001978                EXTI9_5_IRQHandler
 .text._sbrk    0x0000000008001990       0x6c ./Core/Src/sysmem.o
                0x0000000008001990                _sbrk
 .text.SystemInit
                0x00000000080019fc       0x24 ./Core/Src/system_stm32f4xx.o
                0x00000000080019fc                SystemInit
 .text.Reset_Handler
                0x0000000008001a20       0x50 ./Core/Startup/startup_stm32f411ceux.o
                0x0000000008001a20                Reset_Handler
 .text.Default_Handler
                0x0000000008001a70        0x2 ./Core/Startup/startup_stm32f411ceux.o
                0x0000000008001a70                RTC_Alarm_IRQHandler
                0x0000000008001a70                EXTI2_IRQHandler
                0x0000000008001a70                SPI4_IRQHandler
                0x0000000008001a70                TIM1_CC_IRQHandler
                0x0000000008001a70                DMA2_Stream5_IRQHandler
                0x0000000008001a70                DMA1_Stream5_IRQHandler
                0x0000000008001a70                PVD_IRQHandler
                0x0000000008001a70                SDIO_IRQHandler
                0x0000000008001a70                TAMP_STAMP_IRQHandler
                0x0000000008001a70                EXTI3_IRQHandler
                0x0000000008001a70                TIM1_UP_TIM10_IRQHandler
                0x0000000008001a70                I2C3_ER_IRQHandler
                0x0000000008001a70                EXTI0_IRQHandler
                0x0000000008001a70                I2C2_EV_IRQHandler
                0x0000000008001a70                DMA1_Stream2_IRQHandler
                0x0000000008001a70                FPU_IRQHandler
                0x0000000008001a70                DMA2_Stream2_IRQHandler
                0x0000000008001a70                SPI1_IRQHandler
                0x0000000008001a70                TIM1_BRK_TIM9_IRQHandler
                0x0000000008001a70                DMA2_Stream3_IRQHandler
                0x0000000008001a70                USART6_IRQHandler
                0x0000000008001a70                DMA2_Stream0_IRQHandler
                0x0000000008001a70                TIM4_IRQHandler
                0x0000000008001a70                I2C1_EV_IRQHandler
                0x0000000008001a70                DMA1_Stream6_IRQHandler
                0x0000000008001a70                DMA1_Stream1_IRQHandler
                0x0000000008001a70                TIM3_IRQHandler
                0x0000000008001a70                RCC_IRQHandler
                0x0000000008001a70                Default_Handler
                0x0000000008001a70                EXTI15_10_IRQHandler
                0x0000000008001a70                ADC_IRQHandler
                0x0000000008001a70                DMA1_Stream7_IRQHandler
                0x0000000008001a70                SPI5_IRQHandler
                0x0000000008001a70                TIM5_IRQHandler
                0x0000000008001a70                DMA2_Stream7_IRQHandler
                0x0000000008001a70                I2C3_EV_IRQHandler
                0x0000000008001a70                RTC_WKUP_IRQHandler
                0x0000000008001a70                SPI2_IRQHandler
                0x0000000008001a70                DMA1_Stream0_IRQHandler
                0x0000000008001a70                EXTI4_IRQHandler
                0x0000000008001a70                WWDG_IRQHandler
                0x0000000008001a70                TIM2_IRQHandler
                0x0000000008001a70                OTG_FS_WKUP_IRQHandler
                0x0000000008001a70                TIM1_TRG_COM_TIM11_IRQHandler
                0x0000000008001a70                EXTI1_IRQHandler
                0x0000000008001a70                USART2_IRQHandler
                0x0000000008001a70                I2C2_ER_IRQHandler
                0x0000000008001a70                DMA2_Stream1_IRQHandler
                0x0000000008001a70                FLASH_IRQHandler
                0x0000000008001a70                DMA2_Stream4_IRQHandler
                0x0000000008001a70                USART1_IRQHandler
                0x0000000008001a70                OTG_FS_IRQHandler
                0x0000000008001a70                SPI3_IRQHandler
                0x0000000008001a70                DMA1_Stream4_IRQHandler
                0x0000000008001a70                I2C1_ER_IRQHandler
                0x0000000008001a70                DMA2_Stream6_IRQHandler
                0x0000000008001a70                DMA1_Stream3_IRQHandler
 *fill*         0x0000000008001a72        0x2 
 .text.HAL_Init
                0x0000000008001a74       0x44 ./Drivers/STM32F4xx_HAL_Driver/Src/stm32f4xx_hal.o
                0x0000000008001a74                HAL_Init
 .text.HAL_InitTick
                0x0000000008001ab8       0x60 ./Drivers/STM32F4xx_HAL_Driver/Src/stm32f4xx_hal.o
                0x0000000008001ab8                HAL_InitTick
 .text.HAL_IncTick
                0x0000000008001b18       0x28 ./Drivers/STM32F4xx_HAL_Driver/Src/stm32f4xx_hal.o
                0x0000000008001b18                HAL_IncTick
 .text.HAL_GetTick
                0x0000000008001b40       0x18 ./Drivers/STM32F4xx_HAL_Driver/Src/stm32f4xx_hal.o
                0x0000000008001b40                HAL_GetTick
 .text.HAL_Delay
                0x0000000008001b58       0x48 ./Drivers/STM32F4xx_HAL_Driver/Src/stm32f4xx_hal.o
                0x0000000008001b58                HAL_Delay
 .text.HAL_ADC_Init
                0x0000000008001ba0       0x86 ./Drivers/STM32F4xx_HAL_Driver/Src/stm32f4xx_hal_adc.o
                0x0000000008001ba0                HAL_ADC_Init
 *fill*         0x0000000008001c26        0x2 
 .text.HAL_ADC_Start
                0x0000000008001c28      0x168 ./Drivers/STM32F4xx_HAL_Driver/Src/stm32f4xx_hal_adc.o
                0x0000000008001c28                HAL_ADC_Start
 .text.HAL_ADC_PollForConversion
                0x0000000008001d90      0x116 ./Drivers/STM32F4xx_HAL_Driver/Src/stm32f4xx_hal_adc.o
                0x0000000008001d90                HAL_ADC_PollForConversion
 .text.HAL_ADC_GetValue
                0x0000000008001ea6       0x1a ./Drivers/STM32F4xx_HAL_Driver/Src/stm32f4xx_hal_adc.o
                0x0000000008001ea6                HAL_ADC_GetValue
 .text.HAL_ADC_ConfigChannel
                0x0000000008001ec0      0x264 ./Drivers/STM32F4xx_HAL_Driver/Src/stm32f4xx_hal_adc.o
                0x0000000008001ec0                HAL_ADC_ConfigChannel
 .text.ADC_Init
                0x0000000008002124      0x1f8 ./Drivers/STM32F4xx_HAL_Driver/Src/stm32f4xx_hal_adc.o
 .text.__NVIC_SetPriorityGrouping
                0x000000000800231c       0x48 ./Drivers/STM32F4xx_HAL_Driver/Src/stm32f4xx_hal_cortex.o
 .text.__NVIC_GetPriorityGrouping
                0x0000000008002364       0x1c ./Drivers/STM32F4xx_HAL_Driver/Src/stm32f4xx_hal_cortex.o
 .text.__NVIC_EnableIRQ
                0x0000000008002380       0x3c ./Drivers/STM32F4xx_HAL_Driver/Src/stm32f4xx_hal_cortex.o
 .text.__NVIC_SetPriority
                0x00000000080023bc       0x54 ./Drivers/STM32F4xx_HAL_Driver/Src/stm32f4xx_hal_cortex.o
 .text.NVIC_EncodePriority
                0x0000000008002410       0x66 ./Drivers/STM32F4xx_HAL_Driver/Src/stm32f4xx_hal_cortex.o
 *fill*         0x0000000008002476        0x2 
 .text.SysTick_Config
                0x0000000008002478       0x44 ./Drivers/STM32F4xx_HAL_Driver/Src/stm32f4xx_hal_cortex.o
 .text.HAL_NVIC_SetPriorityGrouping
                0x00000000080024bc       0x16 ./Drivers/STM32F4xx_HAL_Driver/Src/stm32f4xx_hal_cortex.o
                0x00000000080024bc                HAL_NVIC_SetPriorityGrouping
 .text.HAL_NVIC_SetPriority
                0x00000000080024d2       0x38 ./Drivers/STM32F4xx_HAL_Driver/Src/stm32f4xx_hal_cortex.o
                0x00000000080024d2                HAL_NVIC_SetPriority
 .text.HAL_NVIC_EnableIRQ
                0x000000000800250a       0x1c ./Drivers/STM32F4xx_HAL_Driver/Src/stm32f4xx_hal_cortex.o
                0x000000000800250a                HAL_NVIC_EnableIRQ
 .text.HAL_SYSTICK_Config
                0x0000000008002526       0x18 ./Drivers/STM32F4xx_HAL_Driver/Src/stm32f4xx_hal_cortex.o
                0x0000000008002526                HAL_SYSTICK_Config
 *fill*         0x000000000800253e        0x2 
 .text.HAL_GPIO_Init
                0x0000000008002540      0x308 ./Drivers/STM32F4xx_HAL_Driver/Src/stm32f4xx_hal_gpio.o
                0x0000000008002540                HAL_GPIO_Init
 .text.HAL_GPIO_WritePin
                0x0000000008002848       0x32 ./Drivers/STM32F4xx_HAL_Driver/Src/stm32f4xx_hal_gpio.o
                0x0000000008002848                HAL_GPIO_WritePin
 *fill*         0x000000000800287a        0x2 
 .text.HAL_GPIO_EXTI_IRQHandler
                0x000000000800287c       0x30 ./Drivers/STM32F4xx_HAL_Driver/Src/stm32f4xx_hal_gpio.o
                0x000000000800287c                HAL_GPIO_EXTI_IRQHandler
 .text.HAL_RCC_OscConfig
                0x00000000080028ac      0x4f0 ./Drivers/STM32F4xx_HAL_Driver/Src/stm32f4xx_hal_rcc.o
                0x00000000080028ac                HAL_RCC_OscConfig
 .text.HAL_RCC_ClockConfig
                0x0000000008002d9c      0x1cc ./Drivers/STM32F4xx_HAL_Driver/Src/stm32f4xx_hal_rcc.o
                0x0000000008002d9c                HAL_RCC_ClockConfig
 .text.HAL_RCC_GetSysClockFreq
                0x0000000008002f68      0x18c ./Drivers/STM32F4xx_HAL_Driver/Src/stm32f4xx_hal_rcc.o
                0x0000000008002f68                HAL_RCC_GetSysClockFreq
 .text.HAL_TIM_PWM_Init
                0x00000000080030f4       0x9e ./Drivers/STM32F4xx_HAL_Driver/Src/stm32f4xx_hal_tim.o
                0x00000000080030f4                HAL_TIM_PWM_Init
 *fill*         0x0000000008003192        0x2 
 .text.HAL_TIM_PWM_Start
                0x0000000008003194      0x160 ./Drivers/STM32F4xx_HAL_Driver/Src/stm32f4xx_hal_tim.o
                0x0000000008003194                HAL_TIM_PWM_Start
 .text.HAL_TIM_PWM_ConfigChannel
                0x00000000080032f4      0x184 ./Drivers/STM32F4xx_HAL_Driver/Src/stm32f4xx_hal_tim.o
                0x00000000080032f4                HAL_TIM_PWM_ConfigChannel
 .text.TIM_Base_SetConfig
                0x0000000008003478      0x100 ./Drivers/STM32F4xx_HAL_Driver/Src/stm32f4xx_hal_tim.o
                0x0000000008003478                TIM_Base_SetConfig
 .text.TIM_OC1_SetConfig
                0x0000000008003578       0xcc ./Drivers/STM32F4xx_HAL_Driver/Src/stm32f4xx_hal_tim.o
 .text.TIM_OC2_SetConfig
                0x0000000008003644       0xd8 ./Drivers/STM32F4xx_HAL_Driver/Src/stm32f4xx_hal_tim.o
                0x0000000008003644                TIM_OC2_SetConfig
 .text.TIM_OC3_SetConfig
                0x000000000800371c       0xd4 ./Drivers/STM32F4xx_HAL_Driver/Src/stm32f4xx_hal_tim.o
 .text.TIM_OC4_SetConfig
                0x00000000080037f0       0xa0 ./Drivers/STM32F4xx_HAL_Driver/Src/stm32f4xx_hal_tim.o
 .text.TIM_CCxChannelCmd
                0x0000000008003890       0x4a ./Drivers/STM32F4xx_HAL_Driver/Src/stm32f4xx_hal_tim.o
                0x0000000008003890                TIM_CCxChannelCmd
 *fill*         0x00000000080038da        0x2 
 .text.HAL_TIMEx_MasterConfigSynchronization
                0x00000000080038dc       0xdc ./Drivers/STM32F4xx_HAL_Driver/Src/stm32f4xx_hal_tim_ex.o
                0x00000000080038dc                HAL_TIMEx_MasterConfigSynchronization
 .text.HAL_TIMEx_ConfigBreakDeadTime
                0x00000000080039b8       0xa4 ./Drivers/STM32F4xx_HAL_Driver/Src/stm32f4xx_hal_tim_ex.o
                0x00000000080039b8                HAL_TIMEx_ConfigBreakDeadTime
 .text.sprintf  0x0000000008003a5c       0x40 C:/ST/STM32CubeIDE_1.13.1/STM32CubeIDE/plugins/com.st.stm32cube.ide.mcu.externaltools.gnu-tools-for-stm32.11.3.rel1.win32_1.1.0.202305231506/tools/bin/../lib/gcc/arm-none-eabi/11.3.1/../../../../arm-none-eabi/lib/thumb/v7e-m+fp/hard\libc_nano.a(libc_a-sprintf.o)
                0x0000000008003a5c                siprintf
                0x0000000008003a5c                sprintf
 .text.memset   0x0000000008003a9c       0x10 C:/ST/STM32CubeIDE_1.13.1/STM32CubeIDE/plugins/com.st.stm32cube.ide.mcu.externaltools.gnu-tools-for-stm32.11.3.rel1.win32_1.1.0.202305231506/tools/bin/../lib/gcc/arm-none-eabi/11.3.1/../../../../arm-none-eabi/lib/thumb/v7e-m+fp/hard\libc_nano.a(libc_a-memset.o)
                0x0000000008003a9c                memset
 .text.__errno  0x0000000008003aac        0xc C:/ST/STM32CubeIDE_1.13.1/STM32CubeIDE/plugins/com.st.stm32cube.ide.mcu.externaltools.gnu-tools-for-stm32.11.3.rel1.win32_1.1.0.202305231506/tools/bin/../lib/gcc/arm-none-eabi/11.3.1/../../../../arm-none-eabi/lib/thumb/v7e-m+fp/hard\libc_nano.a(libc_a-errno.o)
                0x0000000008003aac                __errno
 .text.__libc_init_array
                0x0000000008003ab8       0x48 C:/ST/STM32CubeIDE_1.13.1/STM32CubeIDE/plugins/com.st.stm32cube.ide.mcu.externaltools.gnu-tools-for-stm32.11.3.rel1.win32_1.1.0.202305231506/tools/bin/../lib/gcc/arm-none-eabi/11.3.1/../../../../arm-none-eabi/lib/thumb/v7e-m+fp/hard\libc_nano.a(libc_a-init.o)
                0x0000000008003ab8                __libc_init_array
 .text.__retarget_lock_acquire_recursive
                0x0000000008003b00        0x2 C:/ST/STM32CubeIDE_1.13.1/STM32CubeIDE/plugins/com.st.stm32cube.ide.mcu.externaltools.gnu-tools-for-stm32.11.3.rel1.win32_1.1.0.202305231506/tools/bin/../lib/gcc/arm-none-eabi/11.3.1/../../../../arm-none-eabi/lib/thumb/v7e-m+fp/hard\libc_nano.a(libc_a-lock.o)
                0x0000000008003b00                __retarget_lock_acquire_recursive
 .text.__retarget_lock_release_recursive
                0x0000000008003b02        0x2 C:/ST/STM32CubeIDE_1.13.1/STM32CubeIDE/plugins/com.st.stm32cube.ide.mcu.externaltools.gnu-tools-for-stm32.11.3.rel1.win32_1.1.0.202305231506/tools/bin/../lib/gcc/arm-none-eabi/11.3.1/../../../../arm-none-eabi/lib/thumb/v7e-m+fp/hard\libc_nano.a(libc_a-lock.o)
                0x0000000008003b02                __retarget_lock_release_recursive
 .text._free_r  0x0000000008003b04       0x98 C:/ST/STM32CubeIDE_1.13.1/STM32CubeIDE/plugins/com.st.stm32cube.ide.mcu.externaltools.gnu-tools-for-stm32.11.3.rel1.win32_1.1.0.202305231506/tools/bin/../lib/gcc/arm-none-eabi/11.3.1/../../../../arm-none-eabi/lib/thumb/v7e-m+fp/hard\libc_nano.a(libc_a-freer.o)
                0x0000000008003b04                _free_r
 .text.sbrk_aligned
                0x0000000008003b9c       0x40 C:/ST/STM32CubeIDE_1.13.1/STM32CubeIDE/plugins/com.st.stm32cube.ide.mcu.externaltools.gnu-tools-for-stm32.11.3.rel1.win32_1.1.0.202305231506/tools/bin/../lib/gcc/arm-none-eabi/11.3.1/../../../../arm-none-eabi/lib/thumb/v7e-m+fp/hard\libc_nano.a(libc_a-mallocr.o)
 .text._malloc_r
                0x0000000008003bdc      0x100 C:/ST/STM32CubeIDE_1.13.1/STM32CubeIDE/plugins/com.st.stm32cube.ide.mcu.externaltools.gnu-tools-for-stm32.11.3.rel1.win32_1.1.0.202305231506/tools/bin/../lib/gcc/arm-none-eabi/11.3.1/../../../../arm-none-eabi/lib/thumb/v7e-m+fp/hard\libc_nano.a(libc_a-mallocr.o)
                0x0000000008003bdc                _malloc_r
 .text.__malloc_lock
                0x0000000008003cdc        0xc C:/ST/STM32CubeIDE_1.13.1/STM32CubeIDE/plugins/com.st.stm32cube.ide.mcu.externaltools.gnu-tools-for-stm32.11.3.rel1.win32_1.1.0.202305231506/tools/bin/../lib/gcc/arm-none-eabi/11.3.1/../../../../arm-none-eabi/lib/thumb/v7e-m+fp/hard\libc_nano.a(libc_a-mlock.o)
                0x0000000008003cdc                __malloc_lock
 .text.__malloc_unlock
                0x0000000008003ce8        0xc C:/ST/STM32CubeIDE_1.13.1/STM32CubeIDE/plugins/com.st.stm32cube.ide.mcu.externaltools.gnu-tools-for-stm32.11.3.rel1.win32_1.1.0.202305231506/tools/bin/../lib/gcc/arm-none-eabi/11.3.1/../../../../arm-none-eabi/lib/thumb/v7e-m+fp/hard\libc_nano.a(libc_a-mlock.o)
                0x0000000008003ce8                __malloc_unlock
 .text.__ssputs_r
                0x0000000008003cf4       0xb4 C:/ST/STM32CubeIDE_1.13.1/STM32CubeIDE/plugins/com.st.stm32cube.ide.mcu.externaltools.gnu-tools-for-stm32.11.3.rel1.win32_1.1.0.202305231506/tools/bin/../lib/gcc/arm-none-eabi/11.3.1/../../../../arm-none-eabi/lib/thumb/v7e-m+fp/hard\libc_nano.a(libc_a-nano-svfprintf.o)
                0x0000000008003cf4                __ssputs_r
 .text._svfprintf_r
                0x0000000008003da8      0x1fc C:/ST/STM32CubeIDE_1.13.1/STM32CubeIDE/plugins/com.st.stm32cube.ide.mcu.externaltools.gnu-tools-for-stm32.11.3.rel1.win32_1.1.0.202305231506/tools/bin/../lib/gcc/arm-none-eabi/11.3.1/../../../../arm-none-eabi/lib/thumb/v7e-m+fp/hard\libc_nano.a(libc_a-nano-svfprintf.o)
                0x0000000008003da8                _svfiprintf_r
                0x0000000008003da8                _svfprintf_r
 .text._printf_common
                0x0000000008003fa4       0xda C:/ST/STM32CubeIDE_1.13.1/STM32CubeIDE/plugins/com.st.stm32cube.ide.mcu.externaltools.gnu-tools-for-stm32.11.3.rel1.win32_1.1.0.202305231506/tools/bin/../lib/gcc/arm-none-eabi/11.3.1/../../../../arm-none-eabi/lib/thumb/v7e-m+fp/hard\libc_nano.a(libc_a-nano-vfprintf_i.o)
                0x0000000008003fa4                _printf_common
 *fill*         0x000000000800407e        0x2 
 .text._printf_i
                0x0000000008004080      0x244 C:/ST/STM32CubeIDE_1.13.1/STM32CubeIDE/plugins/com.st.stm32cube.ide.mcu.externaltools.gnu-tools-for-stm32.11.3.rel1.win32_1.1.0.202305231506/tools/bin/../lib/gcc/arm-none-eabi/11.3.1/../../../../arm-none-eabi/lib/thumb/v7e-m+fp/hard\libc_nano.a(libc_a-nano-vfprintf_i.o)
                0x0000000008004080                _printf_i
 .text.memmove  0x00000000080042c4       0x34 C:/ST/STM32CubeIDE_1.13.1/STM32CubeIDE/plugins/com.st.stm32cube.ide.mcu.externaltools.gnu-tools-for-stm32.11.3.rel1.win32_1.1.0.202305231506/tools/bin/../lib/gcc/arm-none-eabi/11.3.1/../../../../arm-none-eabi/lib/thumb/v7e-m+fp/hard\libc_nano.a(libc_a-memmove.o)
                0x00000000080042c4                memmove
 .text._sbrk_r  0x00000000080042f8       0x20 C:/ST/STM32CubeIDE_1.13.1/STM32CubeIDE/plugins/com.st.stm32cube.ide.mcu.externaltools.gnu-tools-for-stm32.11.3.rel1.win32_1.1.0.202305231506/tools/bin/../lib/gcc/arm-none-eabi/11.3.1/../../../../arm-none-eabi/lib/thumb/v7e-m+fp/hard\libc_nano.a(libc_a-sbrkr.o)
                0x00000000080042f8                _sbrk_r
 .text.memcpy   0x0000000008004318       0x1c C:/ST/STM32CubeIDE_1.13.1/STM32CubeIDE/plugins/com.st.stm32cube.ide.mcu.externaltools.gnu-tools-for-stm32.11.3.rel1.win32_1.1.0.202305231506/tools/bin/../lib/gcc/arm-none-eabi/11.3.1/../../../../arm-none-eabi/lib/thumb/v7e-m+fp/hard\libc_nano.a(libc_a-memcpy-stub.o)
                0x0000000008004318                memcpy
 .text._realloc_r
                0x0000000008004334       0x5e C:/ST/STM32CubeIDE_1.13.1/STM32CubeIDE/plugins/com.st.stm32cube.ide.mcu.externaltools.gnu-tools-for-stm32.11.3.rel1.win32_1.1.0.202305231506/tools/bin/../lib/gcc/arm-none-eabi/11.3.1/../../../../arm-none-eabi/lib/thumb/v7e-m+fp/hard\libc_nano.a(libc_a-reallocr.o)
                0x0000000008004334                _realloc_r
 .text._malloc_usable_size_r
                0x0000000008004392       0x10 C:/ST/STM32CubeIDE_1.13.1/STM32CubeIDE/plugins/com.st.stm32cube.ide.mcu.externaltools.gnu-tools-for-stm32.11.3.rel1.win32_1.1.0.202305231506/tools/bin/../lib/gcc/arm-none-eabi/11.3.1/../../../../arm-none-eabi/lib/thumb/v7e-m+fp/hard\libc_nano.a(libc_a-msizer.o)
                0x0000000008004392                _malloc_usable_size_r
 *(.glue_7)
 .glue_7        0x00000000080043a2        0x0 linker stubs
 *(.glue_7t)
 .glue_7t       0x00000000080043a2        0x0 linker stubs
 *(.eh_frame)
 *fill*         0x00000000080043a2        0x2 
 .eh_frame      0x00000000080043a4        0x0 C:/ST/STM32CubeIDE_1.13.1/STM32CubeIDE/plugins/com.st.stm32cube.ide.mcu.externaltools.gnu-tools-for-stm32.11.3.rel1.win32_1.1.0.202305231506/tools/bin/../lib/gcc/arm-none-eabi/11.3.1/thumb/v7e-m+fp/hard/crtbegin.o
 *(.init)
 .init          0x00000000080043a4        0x4 C:/ST/STM32CubeIDE_1.13.1/STM32CubeIDE/plugins/com.st.stm32cube.ide.mcu.externaltools.gnu-tools-for-stm32.11.3.rel1.win32_1.1.0.202305231506/tools/bin/../lib/gcc/arm-none-eabi/11.3.1/thumb/v7e-m+fp/hard/crti.o
                0x00000000080043a4                _init
 .init          0x00000000080043a8        0x8 C:/ST/STM32CubeIDE_1.13.1/STM32CubeIDE/plugins/com.st.stm32cube.ide.mcu.externaltools.gnu-tools-for-stm32.11.3.rel1.win32_1.1.0.202305231506/tools/bin/../lib/gcc/arm-none-eabi/11.3.1/thumb/v7e-m+fp/hard/crtn.o
 *(.fini)
 .fini          0x00000000080043b0        0x4 C:/ST/STM32CubeIDE_1.13.1/STM32CubeIDE/plugins/com.st.stm32cube.ide.mcu.externaltools.gnu-tools-for-stm32.11.3.rel1.win32_1.1.0.202305231506/tools/bin/../lib/gcc/arm-none-eabi/11.3.1/thumb/v7e-m+fp/hard/crti.o
                0x00000000080043b0                _fini
 .fini          0x00000000080043b4        0x8 C:/ST/STM32CubeIDE_1.13.1/STM32CubeIDE/plugins/com.st.stm32cube.ide.mcu.externaltools.gnu-tools-for-stm32.11.3.rel1.win32_1.1.0.202305231506/tools/bin/../lib/gcc/arm-none-eabi/11.3.1/thumb/v7e-m+fp/hard/crtn.o
                0x00000000080043bc                . = ALIGN (0x4)
                0x00000000080043bc                _etext = .

.vfp11_veneer   0x00000000080043bc        0x0
 .vfp11_veneer  0x00000000080043bc        0x0 linker stubs

.v4_bx          0x00000000080043bc        0x0
 .v4_bx         0x00000000080043bc        0x0 linker stubs

.iplt           0x00000000080043bc        0x0
 .iplt          0x00000000080043bc        0x0 C:/ST/STM32CubeIDE_1.13.1/STM32CubeIDE/plugins/com.st.stm32cube.ide.mcu.externaltools.gnu-tools-for-stm32.11.3.rel1.win32_1.1.0.202305231506/tools/bin/../lib/gcc/arm-none-eabi/11.3.1/thumb/v7e-m+fp/hard/crtbegin.o

.rodata         0x00000000080043bc      0x2d4
                0x00000000080043bc                . = ALIGN (0x4)
 *(.rodata)
 .rodata        0x00000000080043bc       0x3f ./Core/Src/main.o
 *(.rodata*)
 *fill*         0x00000000080043fb        0x1 
 .rodata.ASCII  0x00000000080043fc      0x240 ./Core/Inc/nokia5110_LCD.o
 .rodata.selecionarPino
                0x000000000800463c       0x10 ./Core/Src/main.o
                0x000000000800463c                selecionarPino
 .rodata.AHBPrescTable
                0x000000000800464c       0x10 ./Core/Src/system_stm32f4xx.o
                0x000000000800464c                AHBPrescTable
 .rodata._svfprintf_r.str1.1
                0x000000000800465c       0x11 C:/ST/STM32CubeIDE_1.13.1/STM32CubeIDE/plugins/com.st.stm32cube.ide.mcu.externaltools.gnu-tools-for-stm32.11.3.rel1.win32_1.1.0.202305231506/tools/bin/../lib/gcc/arm-none-eabi/11.3.1/../../../../arm-none-eabi/lib/thumb/v7e-m+fp/hard\libc_nano.a(libc_a-nano-svfprintf.o)
 .rodata._printf_i.str1.1
                0x000000000800466d       0x22 C:/ST/STM32CubeIDE_1.13.1/STM32CubeIDE/plugins/com.st.stm32cube.ide.mcu.externaltools.gnu-tools-for-stm32.11.3.rel1.win32_1.1.0.202305231506/tools/bin/../lib/gcc/arm-none-eabi/11.3.1/../../../../arm-none-eabi/lib/thumb/v7e-m+fp/hard\libc_nano.a(libc_a-nano-vfprintf_i.o)
                0x0000000008004690                . = ALIGN (0x4)
 *fill*         0x000000000800468f        0x1 

.ARM.extab      0x0000000008004690        0x0
                0x0000000008004690                . = ALIGN (0x4)
 *(.ARM.extab* .gnu.linkonce.armextab.*)
                0x0000000008004690                . = ALIGN (0x4)

.ARM            0x0000000008004690        0x8
                0x0000000008004690                . = ALIGN (0x4)
                0x0000000008004690                __exidx_start = .
 *(.ARM.exidx*)
 .ARM.exidx     0x0000000008004690        0x8 C:/ST/STM32CubeIDE_1.13.1/STM32CubeIDE/plugins/com.st.stm32cube.ide.mcu.externaltools.gnu-tools-for-stm32.11.3.rel1.win32_1.1.0.202305231506/tools/bin/../lib/gcc/arm-none-eabi/11.3.1/thumb/v7e-m+fp/hard\libgcc.a(_udivmoddi4.o)
                0x0000000008004698                __exidx_end = .
                0x0000000008004698                . = ALIGN (0x4)

.rel.dyn        0x0000000008004698        0x0
 .rel.iplt      0x0000000008004698        0x0 C:/ST/STM32CubeIDE_1.13.1/STM32CubeIDE/plugins/com.st.stm32cube.ide.mcu.externaltools.gnu-tools-for-stm32.11.3.rel1.win32_1.1.0.202305231506/tools/bin/../lib/gcc/arm-none-eabi/11.3.1/thumb/v7e-m+fp/hard/crtbegin.o

.preinit_array  0x0000000008004698        0x0
                0x0000000008004698                . = ALIGN (0x4)
                0x0000000008004698                PROVIDE (__preinit_array_start = .)
 *(.preinit_array*)
                0x0000000008004698                PROVIDE (__preinit_array_end = .)
                0x0000000008004698                . = ALIGN (0x4)

.init_array     0x0000000008004698        0x4
                0x0000000008004698                . = ALIGN (0x4)
                0x0000000008004698                PROVIDE (__init_array_start = .)
 *(SORT_BY_NAME(.init_array.*))
 *(.init_array*)
 .init_array    0x0000000008004698        0x4 C:/ST/STM32CubeIDE_1.13.1/STM32CubeIDE/plugins/com.st.stm32cube.ide.mcu.externaltools.gnu-tools-for-stm32.11.3.rel1.win32_1.1.0.202305231506/tools/bin/../lib/gcc/arm-none-eabi/11.3.1/thumb/v7e-m+fp/hard/crtbegin.o
                0x000000000800469c                PROVIDE (__init_array_end = .)
                0x000000000800469c                . = ALIGN (0x4)

.fini_array     0x000000000800469c        0x4
                0x000000000800469c                . = ALIGN (0x4)
                [!provide]                        PROVIDE (__fini_array_start = .)
 *(SORT_BY_NAME(.fini_array.*))
 *(.fini_array*)
 .fini_array    0x000000000800469c        0x4 C:/ST/STM32CubeIDE_1.13.1/STM32CubeIDE/plugins/com.st.stm32cube.ide.mcu.externaltools.gnu-tools-for-stm32.11.3.rel1.win32_1.1.0.202305231506/tools/bin/../lib/gcc/arm-none-eabi/11.3.1/thumb/v7e-m+fp/hard/crtbegin.o
                [!provide]                        PROVIDE (__fini_array_end = .)
                0x00000000080046a0                . = ALIGN (0x4)
                0x00000000080046a0                _sidata = LOADADDR (.data)

.data           0x0000000020000000       0x94 load address 0x00000000080046a0
                0x0000000020000000                . = ALIGN (0x4)
                0x0000000020000000                _sdata = .
 *(.data)
 *(.data*)
 .data.peso     0x0000000020000000       0x20 ./Core/Src/main.o
                0x0000000020000000                peso
 .data.Kp       0x0000000020000020        0x4 ./Core/Src/main.o
                0x0000000020000020                Kp
 .data.Kd       0x0000000020000024        0x4 ./Core/Src/main.o
                0x0000000020000024                Kd
 .data.Ki       0x0000000020000028        0x4 ./Core/Src/main.o
                0x0000000020000028                Ki
 .data.def_pos  0x000000002000002c        0x4 ./Core/Src/main.o
                0x000000002000002c                def_pos
 .data.Velo1    0x0000000020000030        0x2 ./Core/Src/main.o
                0x0000000020000030                Velo1
 .data.Velo2    0x0000000020000032        0x2 ./Core/Src/main.o
                0x0000000020000032                Velo2
 .data.velomax  0x0000000020000034        0x2 ./Core/Src/main.o
                0x0000000020000034                velomax
 *fill*         0x0000000020000036        0x2 
 .data.SystemCoreClock
                0x0000000020000038        0x4 ./Core/Src/system_stm32f4xx.o
                0x0000000020000038                SystemCoreClock
 .data.uwTickPrio
                0x000000002000003c        0x4 ./Drivers/STM32F4xx_HAL_Driver/Src/stm32f4xx_hal.o
                0x000000002000003c                uwTickPrio
 .data.uwTickFreq
                0x0000000020000040        0x1 ./Drivers/STM32F4xx_HAL_Driver/Src/stm32f4xx_hal.o
                0x0000000020000040                uwTickFreq
 *fill*         0x0000000020000041        0x3 
 .data._impure_data
                0x0000000020000044       0x4c C:/ST/STM32CubeIDE_1.13.1/STM32CubeIDE/plugins/com.st.stm32cube.ide.mcu.externaltools.gnu-tools-for-stm32.11.3.rel1.win32_1.1.0.202305231506/tools/bin/../lib/gcc/arm-none-eabi/11.3.1/../../../../arm-none-eabi/lib/thumb/v7e-m+fp/hard\libc_nano.a(libc_a-impure.o)
                0x0000000020000044                _impure_data
 .data._impure_ptr
                0x0000000020000090        0x4 C:/ST/STM32CubeIDE_1.13.1/STM32CubeIDE/plugins/com.st.stm32cube.ide.mcu.externaltools.gnu-tools-for-stm32.11.3.rel1.win32_1.1.0.202305231506/tools/bin/../lib/gcc/arm-none-eabi/11.3.1/../../../../arm-none-eabi/lib/thumb/v7e-m+fp/hard\libc_nano.a(libc_a-impure.o)
                0x0000000020000090                _impure_ptr
 *(.RamFunc)
 *(.RamFunc*)
                0x0000000020000094                . = ALIGN (0x4)
                0x0000000020000094                _edata = .

.igot.plt       0x0000000020000094        0x0 load address 0x0000000008004734
 .igot.plt      0x0000000020000094        0x0 C:/ST/STM32CubeIDE_1.13.1/STM32CubeIDE/plugins/com.st.stm32cube.ide.mcu.externaltools.gnu-tools-for-stm32.11.3.rel1.win32_1.1.0.202305231506/tools/bin/../lib/gcc/arm-none-eabi/11.3.1/thumb/v7e-m+fp/hard/crtbegin.o
                0x0000000020000094                . = ALIGN (0x4)

.bss            0x0000000020000094      0x584 load address 0x0000000008004734
                0x0000000020000094                _sbss = .
                0x0000000020000094                __bss_start__ = _sbss
 *(.bss)
 .bss           0x0000000020000094       0x1c C:/ST/STM32CubeIDE_1.13.1/STM32CubeIDE/plugins/com.st.stm32cube.ide.mcu.externaltools.gnu-tools-for-stm32.11.3.rel1.win32_1.1.0.202305231506/tools/bin/../lib/gcc/arm-none-eabi/11.3.1/thumb/v7e-m+fp/hard/crtbegin.o
 *(.bss*)
 .bss.lcd       0x00000000200000b0      0x1f9 ./Core/Inc/nokia5110_LCD.o
                0x00000000200000b0                lcd
 *fill*         0x00000000200002a9        0x3 
 .bss.lcd_gpio  0x00000000200002ac       0x28 ./Core/Inc/nokia5110_LCD.o
                0x00000000200002ac                lcd_gpio
 .bss.hadc1     0x00000000200002d4       0x48 ./Core/Src/main.o
                0x00000000200002d4                hadc1
 .bss.htim1     0x000000002000031c       0x48 ./Core/Src/main.o
                0x000000002000031c                htim1
 .bss.htim2     0x0000000020000364       0x48 ./Core/Src/main.o
                0x0000000020000364                htim2
 .bss.valorSensor
                0x00000000200003ac       0x20 ./Core/Src/main.o
                0x00000000200003ac                valorSensor
 .bss.sensorDigital
                0x00000000200003cc       0x40 ./Core/Src/main.o
                0x00000000200003cc                sensorDigital
 .bss.corBranco
                0x000000002000040c       0x20 ./Core/Src/main.o
                0x000000002000040c                corBranco
 .bss.corPreto  0x000000002000042c       0x20 ./Core/Src/main.o
                0x000000002000042c                corPreto
 .bss.mediaPB   0x000000002000044c       0x20 ./Core/Src/main.o
                0x000000002000044c                mediaPB
 .bss.PWMA      0x000000002000046c        0x2 ./Core/Src/main.o
                0x000000002000046c                PWMA
 .bss.PWMB      0x000000002000046e        0x2 ./Core/Src/main.o
                0x000000002000046e                PWMB
 .bss.pos       0x0000000020000470        0x2 ./Core/Src/main.o
                0x0000000020000470                pos
 *fill*         0x0000000020000472        0x2 
 .bss.Kpid      0x0000000020000474        0x4 ./Core/Src/main.o
                0x0000000020000474                Kpid
 .bss.poslast   0x0000000020000478        0x4 ./Core/Src/main.o
                0x0000000020000478                poslast
 .bss.linha     0x000000002000047c        0x4 ./Core/Src/main.o
                0x000000002000047c                linha
 .bss.Buffer    0x0000000020000480       0x14 ./Core/Src/main.o
                0x0000000020000480                Buffer
 .bss.error     0x0000000020000494        0x4 ./Core/Src/main.o
                0x0000000020000494                error
 .bss.propo     0x0000000020000498        0x4 ./Core/Src/main.o
                0x0000000020000498                propo
 .bss.deriv     0x000000002000049c        0x4 ./Core/Src/main.o
                0x000000002000049c                deriv
 .bss.integral  0x00000000200004a0        0x4 ./Core/Src/main.o
                0x00000000200004a0                integral
 .bss.ultimopropo
                0x00000000200004a4        0x4 ./Core/Src/main.o
                0x00000000200004a4                ultimopropo
 .bss.error1    0x00000000200004a8        0x4 ./Core/Src/main.o
                0x00000000200004a8                error1
 .bss.error2    0x00000000200004ac        0x4 ./Core/Src/main.o
                0x00000000200004ac                error2
 .bss.error3    0x00000000200004b0        0x4 ./Core/Src/main.o
                0x00000000200004b0                error3
 .bss.error4    0x00000000200004b4        0x4 ./Core/Src/main.o
                0x00000000200004b4                error4
 .bss.error5    0x00000000200004b8        0x4 ./Core/Src/main.o
                0x00000000200004b8                error5
 .bss.error6    0x00000000200004bc        0x4 ./Core/Src/main.o
                0x00000000200004bc                error6
 .bss.somaA     0x00000000200004c0        0x2 ./Core/Src/main.o
                0x00000000200004c0                somaA
 .bss.somaB     0x00000000200004c2        0x2 ./Core/Src/main.o
                0x00000000200004c2                somaB
 .bss.estado    0x00000000200004c4        0x1 ./Core/Src/main.o
                0x00000000200004c4                estado
 *fill*         0x00000000200004c5        0x3 
 .bss.__sbrk_heap_end
                0x00000000200004c8        0x4 ./Core/Src/sysmem.o
 .bss.uwTick    0x00000000200004cc        0x4 ./Drivers/STM32F4xx_HAL_Driver/Src/stm32f4xx_hal.o
                0x00000000200004cc                uwTick
 .bss.__sf      0x00000000200004d0      0x138 C:/ST/STM32CubeIDE_1.13.1/STM32CubeIDE/plugins/com.st.stm32cube.ide.mcu.externaltools.gnu-tools-for-stm32.11.3.rel1.win32_1.1.0.202305231506/tools/bin/../lib/gcc/arm-none-eabi/11.3.1/../../../../arm-none-eabi/lib/thumb/v7e-m+fp/hard\libc_nano.a(libc_a-findfp.o)
                0x00000000200004d0                __sf
 .bss.errno     0x0000000020000608        0x4 C:/ST/STM32CubeIDE_1.13.1/STM32CubeIDE/plugins/com.st.stm32cube.ide.mcu.externaltools.gnu-tools-for-stm32.11.3.rel1.win32_1.1.0.202305231506/tools/bin/../lib/gcc/arm-none-eabi/11.3.1/../../../../arm-none-eabi/lib/thumb/v7e-m+fp/hard\libc_nano.a(libc_a-reent.o)
                0x0000000020000608                errno
 .bss.__lock___malloc_recursive_mutex
                0x000000002000060c        0x1 C:/ST/STM32CubeIDE_1.13.1/STM32CubeIDE/plugins/com.st.stm32cube.ide.mcu.externaltools.gnu-tools-for-stm32.11.3.rel1.win32_1.1.0.202305231506/tools/bin/../lib/gcc/arm-none-eabi/11.3.1/../../../../arm-none-eabi/lib/thumb/v7e-m+fp/hard\libc_nano.a(libc_a-lock.o)
                0x000000002000060c                __lock___malloc_recursive_mutex
 *fill*         0x000000002000060d        0x3 
 .bss.__malloc_free_list
                0x0000000020000610        0x4 C:/ST/STM32CubeIDE_1.13.1/STM32CubeIDE/plugins/com.st.stm32cube.ide.mcu.externaltools.gnu-tools-for-stm32.11.3.rel1.win32_1.1.0.202305231506/tools/bin/../lib/gcc/arm-none-eabi/11.3.1/../../../../arm-none-eabi/lib/thumb/v7e-m+fp/hard\libc_nano.a(libc_a-mallocr.o)
                0x0000000020000610                __malloc_free_list
 .bss.__malloc_sbrk_start
                0x0000000020000614        0x4 C:/ST/STM32CubeIDE_1.13.1/STM32CubeIDE/plugins/com.st.stm32cube.ide.mcu.externaltools.gnu-tools-for-stm32.11.3.rel1.win32_1.1.0.202305231506/tools/bin/../lib/gcc/arm-none-eabi/11.3.1/../../../../arm-none-eabi/lib/thumb/v7e-m+fp/hard\libc_nano.a(libc_a-mallocr.o)
                0x0000000020000614                __malloc_sbrk_start
 *(COMMON)
                0x0000000020000618                . = ALIGN (0x4)
                0x0000000020000618                _ebss = .
                0x0000000020000618                __bss_end__ = _ebss

._user_heap_stack
                0x0000000020000618      0x600 load address 0x0000000008004734
                0x0000000020000618                . = ALIGN (0x8)
                [!provide]                        PROVIDE (end = .)
                0x0000000020000618                PROVIDE (_end = .)
                0x0000000020000818                . = (. + _Min_Heap_Size)
 *fill*         0x0000000020000618      0x200 
                0x0000000020000c18                . = (. + _Min_Stack_Size)
 *fill*         0x0000000020000818      0x400 
                0x0000000020000c18                . = ALIGN (0x8)

/DISCARD/
 libc.a(*)
 libm.a(*)
 libgcc.a(*)

.ARM.attributes
                0x0000000000000000       0x30
 *(.ARM.attributes)
 .ARM.attributes
                0x0000000000000000       0x1e C:/ST/STM32CubeIDE_1.13.1/STM32CubeIDE/plugins/com.st.stm32cube.ide.mcu.externaltools.gnu-tools-for-stm32.11.3.rel1.win32_1.1.0.202305231506/tools/bin/../lib/gcc/arm-none-eabi/11.3.1/thumb/v7e-m+fp/hard/crti.o
 .ARM.attributes
                0x000000000000001e       0x34 C:/ST/STM32CubeIDE_1.13.1/STM32CubeIDE/plugins/com.st.stm32cube.ide.mcu.externaltools.gnu-tools-for-stm32.11.3.rel1.win32_1.1.0.202305231506/tools/bin/../lib/gcc/arm-none-eabi/11.3.1/thumb/v7e-m+fp/hard/crtbegin.o
 .ARM.attributes
                0x0000000000000052       0x34 ./Core/Inc/nokia5110_LCD.o
 .ARM.attributes
                0x0000000000000086       0x34 ./Core/Src/main.o
 .ARM.attributes
                0x00000000000000ba       0x34 ./Core/Src/stm32f4xx_hal_msp.o
 .ARM.attributes
                0x00000000000000ee       0x34 ./Core/Src/stm32f4xx_it.o
 .ARM.attributes
                0x0000000000000122       0x34 ./Core/Src/sysmem.o
 .ARM.attributes
                0x0000000000000156       0x34 ./Core/Src/system_stm32f4xx.o
 .ARM.attributes
                0x000000000000018a       0x21 ./Core/Startup/startup_stm32f411ceux.o
 .ARM.attributes
                0x00000000000001ab       0x34 ./Drivers/STM32F4xx_HAL_Driver/Src/stm32f4xx_hal.o
 .ARM.attributes
                0x00000000000001df       0x34 ./Drivers/STM32F4xx_HAL_Driver/Src/stm32f4xx_hal_adc.o
 .ARM.attributes
                0x0000000000000213       0x34 ./Drivers/STM32F4xx_HAL_Driver/Src/stm32f4xx_hal_cortex.o
 .ARM.attributes
                0x0000000000000247       0x34 ./Drivers/STM32F4xx_HAL_Driver/Src/stm32f4xx_hal_gpio.o
 .ARM.attributes
                0x000000000000027b       0x34 ./Drivers/STM32F4xx_HAL_Driver/Src/stm32f4xx_hal_rcc.o
 .ARM.attributes
                0x00000000000002af       0x34 ./Drivers/STM32F4xx_HAL_Driver/Src/stm32f4xx_hal_tim.o
 .ARM.attributes
                0x00000000000002e3       0x34 ./Drivers/STM32F4xx_HAL_Driver/Src/stm32f4xx_hal_tim_ex.o
 .ARM.attributes
                0x0000000000000317       0x34 C:/ST/STM32CubeIDE_1.13.1/STM32CubeIDE/plugins/com.st.stm32cube.ide.mcu.externaltools.gnu-tools-for-stm32.11.3.rel1.win32_1.1.0.202305231506/tools/bin/../lib/gcc/arm-none-eabi/11.3.1/../../../../arm-none-eabi/lib/thumb/v7e-m+fp/hard\libc_nano.a(libc_a-findfp.o)
 .ARM.attributes
                0x000000000000034b       0x34 C:/ST/STM32CubeIDE_1.13.1/STM32CubeIDE/plugins/com.st.stm32cube.ide.mcu.externaltools.gnu-tools-for-stm32.11.3.rel1.win32_1.1.0.202305231506/tools/bin/../lib/gcc/arm-none-eabi/11.3.1/../../../../arm-none-eabi/lib/thumb/v7e-m+fp/hard\libc_nano.a(libc_a-sprintf.o)
 .ARM.attributes
                0x000000000000037f       0x34 C:/ST/STM32CubeIDE_1.13.1/STM32CubeIDE/plugins/com.st.stm32cube.ide.mcu.externaltools.gnu-tools-for-stm32.11.3.rel1.win32_1.1.0.202305231506/tools/bin/../lib/gcc/arm-none-eabi/11.3.1/../../../../arm-none-eabi/lib/thumb/v7e-m+fp/hard\libc_nano.a(libc_a-memset.o)
 .ARM.attributes
                0x00000000000003b3       0x34 C:/ST/STM32CubeIDE_1.13.1/STM32CubeIDE/plugins/com.st.stm32cube.ide.mcu.externaltools.gnu-tools-for-stm32.11.3.rel1.win32_1.1.0.202305231506/tools/bin/../lib/gcc/arm-none-eabi/11.3.1/../../../../arm-none-eabi/lib/thumb/v7e-m+fp/hard\libc_nano.a(libc_a-reent.o)
 .ARM.attributes
                0x00000000000003e7       0x34 C:/ST/STM32CubeIDE_1.13.1/STM32CubeIDE/plugins/com.st.stm32cube.ide.mcu.externaltools.gnu-tools-for-stm32.11.3.rel1.win32_1.1.0.202305231506/tools/bin/../lib/gcc/arm-none-eabi/11.3.1/../../../../arm-none-eabi/lib/thumb/v7e-m+fp/hard\libc_nano.a(libc_a-impure.o)
 .ARM.attributes
                0x000000000000041b       0x34 C:/ST/STM32CubeIDE_1.13.1/STM32CubeIDE/plugins/com.st.stm32cube.ide.mcu.externaltools.gnu-tools-for-stm32.11.3.rel1.win32_1.1.0.202305231506/tools/bin/../lib/gcc/arm-none-eabi/11.3.1/../../../../arm-none-eabi/lib/thumb/v7e-m+fp/hard\libc_nano.a(libc_a-errno.o)
 .ARM.attributes
                0x000000000000044f       0x34 C:/ST/STM32CubeIDE_1.13.1/STM32CubeIDE/plugins/com.st.stm32cube.ide.mcu.externaltools.gnu-tools-for-stm32.11.3.rel1.win32_1.1.0.202305231506/tools/bin/../lib/gcc/arm-none-eabi/11.3.1/../../../../arm-none-eabi/lib/thumb/v7e-m+fp/hard\libc_nano.a(libc_a-init.o)
 .ARM.attributes
                0x0000000000000483       0x34 C:/ST/STM32CubeIDE_1.13.1/STM32CubeIDE/plugins/com.st.stm32cube.ide.mcu.externaltools.gnu-tools-for-stm32.11.3.rel1.win32_1.1.0.202305231506/tools/bin/../lib/gcc/arm-none-eabi/11.3.1/../../../../arm-none-eabi/lib/thumb/v7e-m+fp/hard\libc_nano.a(libc_a-lock.o)
 .ARM.attributes
                0x00000000000004b7       0x34 C:/ST/STM32CubeIDE_1.13.1/STM32CubeIDE/plugins/com.st.stm32cube.ide.mcu.externaltools.gnu-tools-for-stm32.11.3.rel1.win32_1.1.0.202305231506/tools/bin/../lib/gcc/arm-none-eabi/11.3.1/../../../../arm-none-eabi/lib/thumb/v7e-m+fp/hard\libc_nano.a(libc_a-freer.o)
 .ARM.attributes
                0x00000000000004eb       0x34 C:/ST/STM32CubeIDE_1.13.1/STM32CubeIDE/plugins/com.st.stm32cube.ide.mcu.externaltools.gnu-tools-for-stm32.11.3.rel1.win32_1.1.0.202305231506/tools/bin/../lib/gcc/arm-none-eabi/11.3.1/../../../../arm-none-eabi/lib/thumb/v7e-m+fp/hard\libc_nano.a(libc_a-mallocr.o)
 .ARM.attributes
                0x000000000000051f       0x34 C:/ST/STM32CubeIDE_1.13.1/STM32CubeIDE/plugins/com.st.stm32cube.ide.mcu.externaltools.gnu-tools-for-stm32.11.3.rel1.win32_1.1.0.202305231506/tools/bin/../lib/gcc/arm-none-eabi/11.3.1/../../../../arm-none-eabi/lib/thumb/v7e-m+fp/hard\libc_nano.a(libc_a-mlock.o)
 .ARM.attributes
                0x0000000000000553       0x34 C:/ST/STM32CubeIDE_1.13.1/STM32CubeIDE/plugins/com.st.stm32cube.ide.mcu.externaltools.gnu-tools-for-stm32.11.3.rel1.win32_1.1.0.202305231506/tools/bin/../lib/gcc/arm-none-eabi/11.3.1/../../../../arm-none-eabi/lib/thumb/v7e-m+fp/hard\libc_nano.a(libc_a-nano-svfprintf.o)
 .ARM.attributes
                0x0000000000000587       0x34 C:/ST/STM32CubeIDE_1.13.1/STM32CubeIDE/plugins/com.st.stm32cube.ide.mcu.externaltools.gnu-tools-for-stm32.11.3.rel1.win32_1.1.0.202305231506/tools/bin/../lib/gcc/arm-none-eabi/11.3.1/../../../../arm-none-eabi/lib/thumb/v7e-m+fp/hard\libc_nano.a(libc_a-nano-vfprintf_i.o)
 .ARM.attributes
                0x00000000000005bb       0x34 C:/ST/STM32CubeIDE_1.13.1/STM32CubeIDE/plugins/com.st.stm32cube.ide.mcu.externaltools.gnu-tools-for-stm32.11.3.rel1.win32_1.1.0.202305231506/tools/bin/../lib/gcc/arm-none-eabi/11.3.1/../../../../arm-none-eabi/lib/thumb/v7e-m+fp/hard\libc_nano.a(libc_a-memmove.o)
 .ARM.attributes
                0x00000000000005ef       0x34 C:/ST/STM32CubeIDE_1.13.1/STM32CubeIDE/plugins/com.st.stm32cube.ide.mcu.externaltools.gnu-tools-for-stm32.11.3.rel1.win32_1.1.0.202305231506/tools/bin/../lib/gcc/arm-none-eabi/11.3.1/../../../../arm-none-eabi/lib/thumb/v7e-m+fp/hard\libc_nano.a(libc_a-sbrkr.o)
 .ARM.attributes
                0x0000000000000623       0x1c C:/ST/STM32CubeIDE_1.13.1/STM32CubeIDE/plugins/com.st.stm32cube.ide.mcu.externaltools.gnu-tools-for-stm32.11.3.rel1.win32_1.1.0.202305231506/tools/bin/../lib/gcc/arm-none-eabi/11.3.1/../../../../arm-none-eabi/lib/thumb/v7e-m+fp/hard\libc_nano.a(libc_a-memchr.o)
 .ARM.attributes
                0x000000000000063f       0x34 C:/ST/STM32CubeIDE_1.13.1/STM32CubeIDE/plugins/com.st.stm32cube.ide.mcu.externaltools.gnu-tools-for-stm32.11.3.rel1.win32_1.1.0.202305231506/tools/bin/../lib/gcc/arm-none-eabi/11.3.1/../../../../arm-none-eabi/lib/thumb/v7e-m+fp/hard\libc_nano.a(libc_a-memcpy-stub.o)
 .ARM.attributes
                0x0000000000000673       0x34 C:/ST/STM32CubeIDE_1.13.1/STM32CubeIDE/plugins/com.st.stm32cube.ide.mcu.externaltools.gnu-tools-for-stm32.11.3.rel1.win32_1.1.0.202305231506/tools/bin/../lib/gcc/arm-none-eabi/11.3.1/../../../../arm-none-eabi/lib/thumb/v7e-m+fp/hard\libc_nano.a(libc_a-reallocr.o)
 .ARM.attributes
                0x00000000000006a7       0x34 C:/ST/STM32CubeIDE_1.13.1/STM32CubeIDE/plugins/com.st.stm32cube.ide.mcu.externaltools.gnu-tools-for-stm32.11.3.rel1.win32_1.1.0.202305231506/tools/bin/../lib/gcc/arm-none-eabi/11.3.1/../../../../arm-none-eabi/lib/thumb/v7e-m+fp/hard\libc_nano.a(libc_a-msizer.o)
 .ARM.attributes
                0x00000000000006db       0x1e C:/ST/STM32CubeIDE_1.13.1/STM32CubeIDE/plugins/com.st.stm32cube.ide.mcu.externaltools.gnu-tools-for-stm32.11.3.rel1.win32_1.1.0.202305231506/tools/bin/../lib/gcc/arm-none-eabi/11.3.1/thumb/v7e-m+fp/hard\libgcc.a(_aeabi_uldivmod.o)
 .ARM.attributes
                0x00000000000006f9       0x34 C:/ST/STM32CubeIDE_1.13.1/STM32CubeIDE/plugins/com.st.stm32cube.ide.mcu.externaltools.gnu-tools-for-stm32.11.3.rel1.win32_1.1.0.202305231506/tools/bin/../lib/gcc/arm-none-eabi/11.3.1/thumb/v7e-m+fp/hard\libgcc.a(_udivmoddi4.o)
 .ARM.attributes
                0x000000000000072d       0x1e C:/ST/STM32CubeIDE_1.13.1/STM32CubeIDE/plugins/com.st.stm32cube.ide.mcu.externaltools.gnu-tools-for-stm32.11.3.rel1.win32_1.1.0.202305231506/tools/bin/../lib/gcc/arm-none-eabi/11.3.1/thumb/v7e-m+fp/hard\libgcc.a(_dvmd_tls.o)
 .ARM.attributes
                0x000000000000074b       0x1e C:/ST/STM32CubeIDE_1.13.1/STM32CubeIDE/plugins/com.st.stm32cube.ide.mcu.externaltools.gnu-tools-for-stm32.11.3.rel1.win32_1.1.0.202305231506/tools/bin/../lib/gcc/arm-none-eabi/11.3.1/thumb/v7e-m+fp/hard/crtn.o
OUTPUT(PID_Arm_teste.elf elf32-littlearm)
LOAD linker stubs
LOAD C:/ST/STM32CubeIDE_1.13.1/STM32CubeIDE/plugins/com.st.stm32cube.ide.mcu.externaltools.gnu-tools-for-stm32.11.3.rel1.win32_1.1.0.202305231506/tools/bin/../lib/gcc/arm-none-eabi/11.3.1/../../../../arm-none-eabi/lib/thumb/v7e-m+fp/hard\libc.a
LOAD C:/ST/STM32CubeIDE_1.13.1/STM32CubeIDE/plugins/com.st.stm32cube.ide.mcu.externaltools.gnu-tools-for-stm32.11.3.rel1.win32_1.1.0.202305231506/tools/bin/../lib/gcc/arm-none-eabi/11.3.1/../../../../arm-none-eabi/lib/thumb/v7e-m+fp/hard\libm.a
LOAD C:/ST/STM32CubeIDE_1.13.1/STM32CubeIDE/plugins/com.st.stm32cube.ide.mcu.externaltools.gnu-tools-for-stm32.11.3.rel1.win32_1.1.0.202305231506/tools/bin/../lib/gcc/arm-none-eabi/11.3.1/thumb/v7e-m+fp/hard\libgcc.a

.comment        0x0000000000000000       0x43
 .comment       0x0000000000000000       0x43 C:/ST/STM32CubeIDE_1.13.1/STM32CubeIDE/plugins/com.st.stm32cube.ide.mcu.externaltools.gnu-tools-for-stm32.11.3.rel1.win32_1.1.0.202305231506/tools/bin/../lib/gcc/arm-none-eabi/11.3.1/thumb/v7e-m+fp/hard/crtbegin.o
                                         0x44 (size before relaxing)
 .comment       0x0000000000000043       0x44 ./Core/Inc/nokia5110_LCD.o
 .comment       0x0000000000000043       0x44 ./Core/Src/main.o
 .comment       0x0000000000000043       0x44 ./Core/Src/stm32f4xx_hal_msp.o
 .comment       0x0000000000000043       0x44 ./Core/Src/stm32f4xx_it.o
 .comment       0x0000000000000043       0x44 ./Core/Src/sysmem.o
 .comment       0x0000000000000043       0x44 ./Core/Src/system_stm32f4xx.o
 .comment       0x0000000000000043       0x44 ./Drivers/STM32F4xx_HAL_Driver/Src/stm32f4xx_hal.o
 .comment       0x0000000000000043       0x44 ./Drivers/STM32F4xx_HAL_Driver/Src/stm32f4xx_hal_adc.o
 .comment       0x0000000000000043       0x44 ./Drivers/STM32F4xx_HAL_Driver/Src/stm32f4xx_hal_cortex.o
 .comment       0x0000000000000043       0x44 ./Drivers/STM32F4xx_HAL_Driver/Src/stm32f4xx_hal_gpio.o
 .comment       0x0000000000000043       0x44 ./Drivers/STM32F4xx_HAL_Driver/Src/stm32f4xx_hal_rcc.o
 .comment       0x0000000000000043       0x44 ./Drivers/STM32F4xx_HAL_Driver/Src/stm32f4xx_hal_tim.o
 .comment       0x0000000000000043       0x44 ./Drivers/STM32F4xx_HAL_Driver/Src/stm32f4xx_hal_tim_ex.o

.debug_info     0x0000000000000000     0xa84d
 .debug_info    0x0000000000000000      0x860 ./Core/Inc/nokia5110_LCD.o
 .debug_info    0x0000000000000860     0x1a43 ./Core/Src/main.o
 .debug_info    0x00000000000022a3      0xd79 ./Core/Src/stm32f4xx_hal_msp.o
 .debug_info    0x000000000000301c      0x14a ./Core/Src/stm32f4xx_it.o
 .debug_info    0x0000000000003166      0x168 ./Core/Src/sysmem.o
 .debug_info    0x00000000000032ce      0x53e ./Core/Src/system_stm32f4xx.o
 .debug_info    0x000000000000380c       0x23 ./Core/Startup/startup_stm32f411ceux.o
 .debug_info    0x000000000000382f      0x8c4 ./Drivers/STM32F4xx_HAL_Driver/Src/stm32f4xx_hal.o
 .debug_info    0x00000000000040f3      0xcd1 ./Drivers/STM32F4xx_HAL_Driver/Src/stm32f4xx_hal_adc.o
 .debug_info    0x0000000000004dc4      0xcb6 ./Drivers/STM32F4xx_HAL_Driver/Src/stm32f4xx_hal_cortex.o
 .debug_info    0x0000000000005a7a      0x6f9 ./Drivers/STM32F4xx_HAL_Driver/Src/stm32f4xx_hal_gpio.o
 .debug_info    0x0000000000006173      0x8f2 ./Drivers/STM32F4xx_HAL_Driver/Src/stm32f4xx_hal_rcc.o
 .debug_info    0x0000000000006a65     0x2941 ./Drivers/STM32F4xx_HAL_Driver/Src/stm32f4xx_hal_tim.o
 .debug_info    0x00000000000093a6     0x14a7 ./Drivers/STM32F4xx_HAL_Driver/Src/stm32f4xx_hal_tim_ex.o

.debug_abbrev   0x0000000000000000     0x1bc1
 .debug_abbrev  0x0000000000000000      0x2ab ./Core/Inc/nokia5110_LCD.o
 .debug_abbrev  0x00000000000002ab      0x39f ./Core/Src/main.o
 .debug_abbrev  0x000000000000064a      0x1d4 ./Core/Src/stm32f4xx_hal_msp.o
 .debug_abbrev  0x000000000000081e       0xa0 ./Core/Src/stm32f4xx_it.o
 .debug_abbrev  0x00000000000008be       0xbc ./Core/Src/sysmem.o
 .debug_abbrev  0x000000000000097a      0x11a ./Core/Src/system_stm32f4xx.o
 .debug_abbrev  0x0000000000000a94       0x12 ./Core/Startup/startup_stm32f411ceux.o
 .debug_abbrev  0x0000000000000aa6      0x24b ./Drivers/STM32F4xx_HAL_Driver/Src/stm32f4xx_hal.o
 .debug_abbrev  0x0000000000000cf1      0x20e ./Drivers/STM32F4xx_HAL_Driver/Src/stm32f4xx_hal_adc.o
 .debug_abbrev  0x0000000000000eff      0x327 ./Drivers/STM32F4xx_HAL_Driver/Src/stm32f4xx_hal_cortex.o
 .debug_abbrev  0x0000000000001226      0x1d3 ./Drivers/STM32F4xx_HAL_Driver/Src/stm32f4xx_hal_gpio.o
 .debug_abbrev  0x00000000000013f9      0x2b5 ./Drivers/STM32F4xx_HAL_Driver/Src/stm32f4xx_hal_rcc.o
 .debug_abbrev  0x00000000000016ae      0x284 ./Drivers/STM32F4xx_HAL_Driver/Src/stm32f4xx_hal_tim.o
 .debug_abbrev  0x0000000000001932      0x28f ./Drivers/STM32F4xx_HAL_Driver/Src/stm32f4xx_hal_tim_ex.o

.debug_aranges  0x0000000000000000      0xb98
 .debug_aranges
                0x0000000000000000       0xc8 ./Core/Inc/nokia5110_LCD.o
 .debug_aranges
                0x00000000000000c8       0xa8 ./Core/Src/main.o
 .debug_aranges
                0x0000000000000170       0x48 ./Core/Src/stm32f4xx_hal_msp.o
 .debug_aranges
                0x00000000000001b8       0x68 ./Core/Src/stm32f4xx_it.o
 .debug_aranges
                0x0000000000000220       0x20 ./Core/Src/sysmem.o
 .debug_aranges
                0x0000000000000240       0x28 ./Core/Src/system_stm32f4xx.o
 .debug_aranges
                0x0000000000000268       0x28 ./Core/Startup/startup_stm32f411ceux.o
 .debug_aranges
                0x0000000000000290       0xf0 ./Drivers/STM32F4xx_HAL_Driver/Src/stm32f4xx_hal.o
 .debug_aranges
                0x0000000000000380       0xe8 ./Drivers/STM32F4xx_HAL_Driver/Src/stm32f4xx_hal_adc.o
 .debug_aranges
                0x0000000000000468      0x118 ./Drivers/STM32F4xx_HAL_Driver/Src/stm32f4xx_hal_cortex.o
 .debug_aranges
                0x0000000000000580       0x58 ./Drivers/STM32F4xx_HAL_Driver/Src/stm32f4xx_hal_gpio.o
 .debug_aranges
                0x00000000000005d8       0x88 ./Drivers/STM32F4xx_HAL_Driver/Src/stm32f4xx_hal_rcc.o
 .debug_aranges
                0x0000000000000660      0x3d0 ./Drivers/STM32F4xx_HAL_Driver/Src/stm32f4xx_hal_tim.o
 .debug_aranges
                0x0000000000000a30      0x168 ./Drivers/STM32F4xx_HAL_Driver/Src/stm32f4xx_hal_tim_ex.o

.debug_rnglists
                0x0000000000000000      0x8ff
 .debug_rnglists
                0x0000000000000000       0xa3 ./Core/Inc/nokia5110_LCD.o
 .debug_rnglists
                0x00000000000000a3       0x84 ./Core/Src/main.o
 .debug_rnglists
                0x0000000000000127       0x33 ./Core/Src/stm32f4xx_hal_msp.o
 .debug_rnglists
                0x000000000000015a       0x49 ./Core/Src/stm32f4xx_it.o
 .debug_rnglists
                0x00000000000001a3       0x13 ./Core/Src/sysmem.o
 .debug_rnglists
                0x00000000000001b6       0x1a ./Core/Src/system_stm32f4xx.o
 .debug_rnglists
                0x00000000000001d0       0x19 ./Core/Startup/startup_stm32f411ceux.o
 .debug_rnglists
                0x00000000000001e9       0xaf ./Drivers/STM32F4xx_HAL_Driver/Src/stm32f4xx_hal.o
 .debug_rnglists
                0x0000000000000298       0xb5 ./Drivers/STM32F4xx_HAL_Driver/Src/stm32f4xx_hal_adc.o
 .debug_rnglists
                0x000000000000034d       0xce ./Drivers/STM32F4xx_HAL_Driver/Src/stm32f4xx_hal_cortex.o
 .debug_rnglists
                0x000000000000041b       0x3f ./Drivers/STM32F4xx_HAL_Driver/Src/stm32f4xx_hal_gpio.o
 .debug_rnglists
                0x000000000000045a       0x66 ./Drivers/STM32F4xx_HAL_Driver/Src/stm32f4xx_hal_rcc.o
 .debug_rnglists
                0x00000000000004c0      0x31a ./Drivers/STM32F4xx_HAL_Driver/Src/stm32f4xx_hal_tim.o
 .debug_rnglists
                0x00000000000007da      0x125 ./Drivers/STM32F4xx_HAL_Driver/Src/stm32f4xx_hal_tim_ex.o

.debug_macro    0x0000000000000000    0x17577
 .debug_macro   0x0000000000000000      0x208 ./Core/Inc/nokia5110_LCD.o
 .debug_macro   0x0000000000000208      0xaa8 ./Core/Inc/nokia5110_LCD.o
 .debug_macro   0x0000000000000cb0       0x22 ./Core/Inc/nokia5110_LCD.o
 .debug_macro   0x0000000000000cd2       0x22 ./Core/Inc/nokia5110_LCD.o
 .debug_macro   0x0000000000000cf4       0x8e ./Core/Inc/nokia5110_LCD.o
 .debug_macro   0x0000000000000d82       0x51 ./Core/Inc/nokia5110_LCD.o
 .debug_macro   0x0000000000000dd3      0x103 ./Core/Inc/nokia5110_LCD.o
 .debug_macro   0x0000000000000ed6       0x6a ./Core/Inc/nokia5110_LCD.o
 .debug_macro   0x0000000000000f40      0x1df ./Core/Inc/nokia5110_LCD.o
 .debug_macro   0x000000000000111f      0x29b ./Core/Inc/nokia5110_LCD.o
 .debug_macro   0x00000000000013ba       0x2e ./Core/Inc/nokia5110_LCD.o
 .debug_macro   0x00000000000013e8       0x28 ./Core/Inc/nokia5110_LCD.o
 .debug_macro   0x0000000000001410       0x1c ./Core/Inc/nokia5110_LCD.o
 .debug_macro   0x000000000000142c       0x22 ./Core/Inc/nokia5110_LCD.o
 .debug_macro   0x000000000000144e       0xd9 ./Core/Inc/nokia5110_LCD.o
 .debug_macro   0x0000000000001527     0x102d ./Core/Inc/nokia5110_LCD.o
 .debug_macro   0x0000000000002554      0x11f ./Core/Inc/nokia5110_LCD.o
 .debug_macro   0x0000000000002673     0xb953 ./Core/Inc/nokia5110_LCD.o
 .debug_macro   0x000000000000dfc6       0x6d ./Core/Inc/nokia5110_LCD.o
 .debug_macro   0x000000000000e033     0x367e ./Core/Inc/nokia5110_LCD.o
 .debug_macro   0x00000000000116b1      0x174 ./Core/Inc/nokia5110_LCD.o
 .debug_macro   0x0000000000011825       0x5c ./Core/Inc/nokia5110_LCD.o
 .debug_macro   0x0000000000011881      0x447 ./Core/Inc/nokia5110_LCD.o
 .debug_macro   0x0000000000011cc8      0x9fe ./Core/Inc/nokia5110_LCD.o
 .debug_macro   0x00000000000126c6      0x115 ./Core/Inc/nokia5110_LCD.o
 .debug_macro   0x00000000000127db      0x11b ./Core/Inc/nokia5110_LCD.o
 .debug_macro   0x00000000000128f6       0xa5 ./Core/Inc/nokia5110_LCD.o
 .debug_macro   0x000000000001299b      0x15f ./Core/Inc/nokia5110_LCD.o
 .debug_macro   0x0000000000012afa      0x287 ./Core/Inc/nokia5110_LCD.o
 .debug_macro   0x0000000000012d81       0x5f ./Core/Inc/nokia5110_LCD.o
 .debug_macro   0x0000000000012de0      0x236 ./Core/Inc/nokia5110_LCD.o
 .debug_macro   0x0000000000013016      0x9e1 ./Core/Inc/nokia5110_LCD.o
 .debug_macro   0x00000000000139f7      0x38b ./Core/Inc/nokia5110_LCD.o
 .debug_macro   0x0000000000013d82      0x17d ./Core/Inc/nokia5110_LCD.o
 .debug_macro   0x0000000000013eff       0xf9 ./Core/Inc/nokia5110_LCD.o
 .debug_macro   0x0000000000013ff8      0x132 ./Core/Inc/nokia5110_LCD.o
 .debug_macro   0x000000000001412a      0x264 ./Core/Inc/nokia5110_LCD.o
 .debug_macro   0x000000000001438e       0x2e ./Core/Inc/nokia5110_LCD.o
 .debug_macro   0x00000000000143bc      0x11a ./Core/Inc/nokia5110_LCD.o
 .debug_macro   0x00000000000144d6       0x85 ./Core/Inc/nokia5110_LCD.o
 .debug_macro   0x000000000001455b       0x89 ./Core/Inc/nokia5110_LCD.o
 .debug_macro   0x00000000000145e4      0x8e6 ./Core/Inc/nokia5110_LCD.o
 .debug_macro   0x0000000000014eca       0x47 ./Core/Inc/nokia5110_LCD.o
 .debug_macro   0x0000000000014f11      0x126 ./Core/Inc/nokia5110_LCD.o
 .debug_macro   0x0000000000015037       0x46 ./Core/Inc/nokia5110_LCD.o
 .debug_macro   0x000000000001507d      0x323 ./Core/Src/main.o
 .debug_macro   0x00000000000153a0      0x10c ./Core/Src/main.o
 .debug_macro   0x00000000000154ac       0x61 ./Core/Src/main.o
 .debug_macro   0x000000000001550d       0x2a ./Core/Src/main.o
 .debug_macro   0x0000000000015537       0x43 ./Core/Src/main.o
 .debug_macro   0x000000000001557a       0x34 ./Core/Src/main.o
 .debug_macro   0x00000000000155ae       0x16 ./Core/Src/main.o
 .debug_macro   0x00000000000155c4       0x35 ./Core/Src/main.o
 .debug_macro   0x00000000000155f9      0x369 ./Core/Src/main.o
 .debug_macro   0x0000000000015962       0x10 ./Core/Src/main.o
 .debug_macro   0x0000000000015972       0x16 ./Core/Src/main.o
 .debug_macro   0x0000000000015988       0x43 ./Core/Src/main.o
 .debug_macro   0x00000000000159cb       0x34 ./Core/Src/main.o
 .debug_macro   0x00000000000159ff       0x10 ./Core/Src/main.o
 .debug_macro   0x0000000000015a0f       0x58 ./Core/Src/main.o
 .debug_macro   0x0000000000015a67       0x8e ./Core/Src/main.o
 .debug_macro   0x0000000000015af5       0x1c ./Core/Src/main.o
 .debug_macro   0x0000000000015b11      0x177 ./Core/Src/main.o
 .debug_macro   0x0000000000015c88       0x16 ./Core/Src/main.o
 .debug_macro   0x0000000000015c9e       0x16 ./Core/Src/main.o
 .debug_macro   0x0000000000015cb4      0x147 ./Core/Src/main.o
 .debug_macro   0x0000000000015dfb       0x16 ./Core/Src/main.o
 .debug_macro   0x0000000000015e11       0x16 ./Core/Src/main.o
 .debug_macro   0x0000000000015e27       0x29 ./Core/Src/main.o
 .debug_macro   0x0000000000015e50      0x1fb ./Core/Src/stm32f4xx_hal_msp.o
 .debug_macro   0x000000000001604b      0x205 ./Core/Src/stm32f4xx_it.o
 .debug_macro   0x0000000000016250       0xff ./Core/Src/sysmem.o
 .debug_macro   0x000000000001634f      0x23c ./Core/Src/sysmem.o
 .debug_macro   0x000000000001658b      0x1ec ./Core/Src/system_stm32f4xx.o
 .debug_macro   0x0000000000016777      0x24c ./Drivers/STM32F4xx_HAL_Driver/Src/stm32f4xx_hal.o
 .debug_macro   0x00000000000169c3      0x1ed ./Drivers/STM32F4xx_HAL_Driver/Src/stm32f4xx_hal_adc.o
 .debug_macro   0x0000000000016bb0      0x1ec ./Drivers/STM32F4xx_HAL_Driver/Src/stm32f4xx_hal_cortex.o
 .debug_macro   0x0000000000016d9c      0x1f2 ./Drivers/STM32F4xx_HAL_Driver/Src/stm32f4xx_hal_gpio.o
 .debug_macro   0x0000000000016f8e      0x210 ./Drivers/STM32F4xx_HAL_Driver/Src/stm32f4xx_hal_rcc.o
 .debug_macro   0x000000000001719e      0x1ed ./Drivers/STM32F4xx_HAL_Driver/Src/stm32f4xx_hal_tim.o
 .debug_macro   0x000000000001738b      0x1ec ./Drivers/STM32F4xx_HAL_Driver/Src/stm32f4xx_hal_tim_ex.o

.debug_line     0x0000000000000000     0xcda9
 .debug_line    0x0000000000000000      0xd03 ./Core/Inc/nokia5110_LCD.o
 .debug_line    0x0000000000000d03     0x101c ./Core/Src/main.o
 .debug_line    0x0000000000001d1f      0x864 ./Core/Src/stm32f4xx_hal_msp.o
 .debug_line    0x0000000000002583      0x851 ./Core/Src/stm32f4xx_it.o
 .debug_line    0x0000000000002dd4      0x579 ./Core/Src/sysmem.o
 .debug_line    0x000000000000334d      0x7f7 ./Core/Src/system_stm32f4xx.o
 .debug_line    0x0000000000003b44       0x7a ./Core/Startup/startup_stm32f411ceux.o
 .debug_line    0x0000000000003bbe      0xa5d ./Drivers/STM32F4xx_HAL_Driver/Src/stm32f4xx_hal.o
 .debug_line    0x000000000000461b     0x1201 ./Drivers/STM32F4xx_HAL_Driver/Src/stm32f4xx_hal_adc.o
 .debug_line    0x000000000000581c      0xd0c ./Drivers/STM32F4xx_HAL_Driver/Src/stm32f4xx_hal_cortex.o
 .debug_line    0x0000000000006528      0xb95 ./Drivers/STM32F4xx_HAL_Driver/Src/stm32f4xx_hal_gpio.o
 .debug_line    0x00000000000070bd      0xdd4 ./Drivers/STM32F4xx_HAL_Driver/Src/stm32f4xx_hal_rcc.o
 .debug_line    0x0000000000007e91     0x3523 ./Drivers/STM32F4xx_HAL_Driver/Src/stm32f4xx_hal_tim.o
 .debug_line    0x000000000000b3b4     0x19f5 ./Drivers/STM32F4xx_HAL_Driver/Src/stm32f4xx_hal_tim_ex.o

.debug_str      0x0000000000000000    0x97995
 .debug_str     0x0000000000000000    0x904c5 ./Core/Inc/nokia5110_LCD.o
                                      0x90759 (size before relaxing)
 .debug_str     0x00000000000904c5     0x4ca6 ./Core/Src/main.o
                                      0x953a8 (size before relaxing)
 .debug_str     0x000000000009516b       0x9b ./Core/Src/stm32f4xx_hal_msp.o
                                      0x9106c (size before relaxing)
 .debug_str     0x0000000000095206       0xf5 ./Core/Src/stm32f4xx_it.o
                                      0x90834 (size before relaxing)
 .debug_str     0x00000000000952fb      0x4dc ./Core/Src/sysmem.o
                                       0x603d (size before relaxing)
 .debug_str     0x00000000000957d7       0xdb ./Core/Src/system_stm32f4xx.o
                                      0x905c1 (size before relaxing)
 .debug_str     0x00000000000958b2       0x34 ./Core/Startup/startup_stm32f411ceux.o
                                         0x4f (size before relaxing)
 .debug_str     0x00000000000958e6      0x60d ./Drivers/STM32F4xx_HAL_Driver/Src/stm32f4xx_hal.o
                                      0x90fed (size before relaxing)
 .debug_str     0x0000000000095ef3      0x29a ./Drivers/STM32F4xx_HAL_Driver/Src/stm32f4xx_hal_adc.o
                                      0x90b9c (size before relaxing)
 .debug_str     0x000000000009618d      0x33a ./Drivers/STM32F4xx_HAL_Driver/Src/stm32f4xx_hal_cortex.o
                                      0x90d0e (size before relaxing)
 .debug_str     0x00000000000964c7       0xe8 ./Drivers/STM32F4xx_HAL_Driver/Src/stm32f4xx_hal_gpio.o
                                      0x9073c (size before relaxing)
 .debug_str     0x00000000000965af      0x233 ./Drivers/STM32F4xx_HAL_Driver/Src/stm32f4xx_hal_rcc.o
                                      0x909f5 (size before relaxing)
 .debug_str     0x00000000000967e2      0xdd2 ./Drivers/STM32F4xx_HAL_Driver/Src/stm32f4xx_hal_tim.o
                                      0x91929 (size before relaxing)
 .debug_str     0x00000000000975b4      0x3e1 ./Drivers/STM32F4xx_HAL_Driver/Src/stm32f4xx_hal_tim_ex.o
                                      0x91145 (size before relaxing)

.debug_frame    0x0000000000000000     0x3584
 .debug_frame   0x0000000000000000      0x354 ./Core/Inc/nokia5110_LCD.o
 .debug_frame   0x0000000000000354      0x278 ./Core/Src/main.o
 .debug_frame   0x00000000000005cc       0xf4 ./Core/Src/stm32f4xx_hal_msp.o
 .debug_frame   0x00000000000006c0      0x120 ./Core/Src/stm32f4xx_it.o
 .debug_frame   0x00000000000007e0       0x34 ./Core/Src/sysmem.o
 .debug_frame   0x0000000000000814       0x58 ./Core/Src/system_stm32f4xx.o
 .debug_frame   0x000000000000086c      0x374 ./Drivers/STM32F4xx_HAL_Driver/Src/stm32f4xx_hal.o
 .debug_frame   0x0000000000000be0      0x3fc ./Drivers/STM32F4xx_HAL_Driver/Src/stm32f4xx_hal_adc.o
 .debug_frame   0x0000000000000fdc      0x498 ./Drivers/STM32F4xx_HAL_Driver/Src/stm32f4xx_hal_cortex.o
 .debug_frame   0x0000000000001474      0x14c ./Drivers/STM32F4xx_HAL_Driver/Src/stm32f4xx_hal_gpio.o
 .debug_frame   0x00000000000015c0      0x1f4 ./Drivers/STM32F4xx_HAL_Driver/Src/stm32f4xx_hal_rcc.o
 .debug_frame   0x00000000000017b4     0x11bc ./Drivers/STM32F4xx_HAL_Driver/Src/stm32f4xx_hal_tim.o
 .debug_frame   0x0000000000002970      0x638 ./Drivers/STM32F4xx_HAL_Driver/Src/stm32f4xx_hal_tim_ex.o
 .debug_frame   0x0000000000002fa8      0x13c C:/ST/STM32CubeIDE_1.13.1/STM32CubeIDE/plugins/com.st.stm32cube.ide.mcu.externaltools.gnu-tools-for-stm32.11.3.rel1.win32_1.1.0.202305231506/tools/bin/../lib/gcc/arm-none-eabi/11.3.1/../../../../arm-none-eabi/lib/thumb/v7e-m+fp/hard\libc_nano.a(libc_a-findfp.o)
 .debug_frame   0x00000000000030e4       0x6c C:/ST/STM32CubeIDE_1.13.1/STM32CubeIDE/plugins/com.st.stm32cube.ide.mcu.externaltools.gnu-tools-for-stm32.11.3.rel1.win32_1.1.0.202305231506/tools/bin/../lib/gcc/arm-none-eabi/11.3.1/../../../../arm-none-eabi/lib/thumb/v7e-m+fp/hard\libc_nano.a(libc_a-sprintf.o)
 .debug_frame   0x0000000000003150       0x20 C:/ST/STM32CubeIDE_1.13.1/STM32CubeIDE/plugins/com.st.stm32cube.ide.mcu.externaltools.gnu-tools-for-stm32.11.3.rel1.win32_1.1.0.202305231506/tools/bin/../lib/gcc/arm-none-eabi/11.3.1/../../../../arm-none-eabi/lib/thumb/v7e-m+fp/hard\libc_nano.a(libc_a-memset.o)
 .debug_frame   0x0000000000003170       0x38 C:/ST/STM32CubeIDE_1.13.1/STM32CubeIDE/plugins/com.st.stm32cube.ide.mcu.externaltools.gnu-tools-for-stm32.11.3.rel1.win32_1.1.0.202305231506/tools/bin/../lib/gcc/arm-none-eabi/11.3.1/../../../../arm-none-eabi/lib/thumb/v7e-m+fp/hard\libc_nano.a(libc_a-reent.o)
 .debug_frame   0x00000000000031a8       0x20 C:/ST/STM32CubeIDE_1.13.1/STM32CubeIDE/plugins/com.st.stm32cube.ide.mcu.externaltools.gnu-tools-for-stm32.11.3.rel1.win32_1.1.0.202305231506/tools/bin/../lib/gcc/arm-none-eabi/11.3.1/../../../../arm-none-eabi/lib/thumb/v7e-m+fp/hard\libc_nano.a(libc_a-errno.o)
 .debug_frame   0x00000000000031c8       0x2c C:/ST/STM32CubeIDE_1.13.1/STM32CubeIDE/plugins/com.st.stm32cube.ide.mcu.externaltools.gnu-tools-for-stm32.11.3.rel1.win32_1.1.0.202305231506/tools/bin/../lib/gcc/arm-none-eabi/11.3.1/../../../../arm-none-eabi/lib/thumb/v7e-m+fp/hard\libc_nano.a(libc_a-init.o)
 .debug_frame   0x00000000000031f4       0xb0 C:/ST/STM32CubeIDE_1.13.1/STM32CubeIDE/plugins/com.st.stm32cube.ide.mcu.externaltools.gnu-tools-for-stm32.11.3.rel1.win32_1.1.0.202305231506/tools/bin/../lib/gcc/arm-none-eabi/11.3.1/../../../../arm-none-eabi/lib/thumb/v7e-m+fp/hard\libc_nano.a(libc_a-lock.o)
 .debug_frame   0x00000000000032a4       0x38 C:/ST/STM32CubeIDE_1.13.1/STM32CubeIDE/plugins/com.st.stm32cube.ide.mcu.externaltools.gnu-tools-for-stm32.11.3.rel1.win32_1.1.0.202305231506/tools/bin/../lib/gcc/arm-none-eabi/11.3.1/../../../../arm-none-eabi/lib/thumb/v7e-m+fp/hard\libc_nano.a(libc_a-freer.o)
 .debug_frame   0x00000000000032dc       0x50 C:/ST/STM32CubeIDE_1.13.1/STM32CubeIDE/plugins/com.st.stm32cube.ide.mcu.externaltools.gnu-tools-for-stm32.11.3.rel1.win32_1.1.0.202305231506/tools/bin/../lib/gcc/arm-none-eabi/11.3.1/../../../../arm-none-eabi/lib/thumb/v7e-m+fp/hard\libc_nano.a(libc_a-mallocr.o)
 .debug_frame   0x000000000000332c       0x30 C:/ST/STM32CubeIDE_1.13.1/STM32CubeIDE/plugins/com.st.stm32cube.ide.mcu.externaltools.gnu-tools-for-stm32.11.3.rel1.win32_1.1.0.202305231506/tools/bin/../lib/gcc/arm-none-eabi/11.3.1/../../../../arm-none-eabi/lib/thumb/v7e-m+fp/hard\libc_nano.a(libc_a-mlock.o)
 .debug_frame   0x000000000000335c       0x90 C:/ST/STM32CubeIDE_1.13.1/STM32CubeIDE/plugins/com.st.stm32cube.ide.mcu.externaltools.gnu-tools-for-stm32.11.3.rel1.win32_1.1.0.202305231506/tools/bin/../lib/gcc/arm-none-eabi/11.3.1/../../../../arm-none-eabi/lib/thumb/v7e-m+fp/hard\libc_nano.a(libc_a-nano-svfprintf.o)
 .debug_frame   0x00000000000033ec       0x60 C:/ST/STM32CubeIDE_1.13.1/STM32CubeIDE/plugins/com.st.stm32cube.ide.mcu.externaltools.gnu-tools-for-stm32.11.3.rel1.win32_1.1.0.202305231506/tools/bin/../lib/gcc/arm-none-eabi/11.3.1/../../../../arm-none-eabi/lib/thumb/v7e-m+fp/hard\libc_nano.a(libc_a-nano-vfprintf_i.o)
 .debug_frame   0x000000000000344c       0x28 C:/ST/STM32CubeIDE_1.13.1/STM32CubeIDE/plugins/com.st.stm32cube.ide.mcu.externaltools.gnu-tools-for-stm32.11.3.rel1.win32_1.1.0.202305231506/tools/bin/../lib/gcc/arm-none-eabi/11.3.1/../../../../arm-none-eabi/lib/thumb/v7e-m+fp/hard\libc_nano.a(libc_a-memmove.o)
 .debug_frame   0x0000000000003474       0x2c C:/ST/STM32CubeIDE_1.13.1/STM32CubeIDE/plugins/com.st.stm32cube.ide.mcu.externaltools.gnu-tools-for-stm32.11.3.rel1.win32_1.1.0.202305231506/tools/bin/../lib/gcc/arm-none-eabi/11.3.1/../../../../arm-none-eabi/lib/thumb/v7e-m+fp/hard\libc_nano.a(libc_a-sbrkr.o)
 .debug_frame   0x00000000000034a0       0x28 C:/ST/STM32CubeIDE_1.13.1/STM32CubeIDE/plugins/com.st.stm32cube.ide.mcu.externaltools.gnu-tools-for-stm32.11.3.rel1.win32_1.1.0.202305231506/tools/bin/../lib/gcc/arm-none-eabi/11.3.1/../../../../arm-none-eabi/lib/thumb/v7e-m+fp/hard\libc_nano.a(libc_a-memcpy-stub.o)
 .debug_frame   0x00000000000034c8       0x3c C:/ST/STM32CubeIDE_1.13.1/STM32CubeIDE/plugins/com.st.stm32cube.ide.mcu.externaltools.gnu-tools-for-stm32.11.3.rel1.win32_1.1.0.202305231506/tools/bin/../lib/gcc/arm-none-eabi/11.3.1/../../../../arm-none-eabi/lib/thumb/v7e-m+fp/hard\libc_nano.a(libc_a-reallocr.o)
 .debug_frame   0x0000000000003504       0x20 C:/ST/STM32CubeIDE_1.13.1/STM32CubeIDE/plugins/com.st.stm32cube.ide.mcu.externaltools.gnu-tools-for-stm32.11.3.rel1.win32_1.1.0.202305231506/tools/bin/../lib/gcc/arm-none-eabi/11.3.1/../../../../arm-none-eabi/lib/thumb/v7e-m+fp/hard\libc_nano.a(libc_a-msizer.o)
 .debug_frame   0x0000000000003524       0x2c C:/ST/STM32CubeIDE_1.13.1/STM32CubeIDE/plugins/com.st.stm32cube.ide.mcu.externaltools.gnu-tools-for-stm32.11.3.rel1.win32_1.1.0.202305231506/tools/bin/../lib/gcc/arm-none-eabi/11.3.1/thumb/v7e-m+fp/hard\libgcc.a(_aeabi_uldivmod.o)
 .debug_frame   0x0000000000003550       0x34 C:/ST/STM32CubeIDE_1.13.1/STM32CubeIDE/plugins/com.st.stm32cube.ide.mcu.externaltools.gnu-tools-for-stm32.11.3.rel1.win32_1.1.0.202305231506/tools/bin/../lib/gcc/arm-none-eabi/11.3.1/thumb/v7e-m+fp/hard\libgcc.a(_udivmoddi4.o)

.debug_line_str
                0x0000000000000000       0x43
 .debug_line_str
                0x0000000000000000       0x43 ./Core/Startup/startup_stm32f411ceux.o
                                         0x5b (size before relaxing)
