../Core/Src/main.c:126:6:HAL_GPIO_EXTI_Callback	3
../Core/Src/main.c:141:6:selecionarPinoMux	5
../Core/Src/main.c:171:6:calibrarBranco	4
../Core/Src/main.c:196:6:calibrarPreto	4
../Core/Src/main.c:222:6:calcularMediaSensores	2
../Core/Src/main.c:230:6:aplicarCalibracao	16
../Core/Src/main.c:321:6:leituraLinha	3
../Core/Src/main.c:359:6:PID	6
../Core/Src/main.c:412:6:setPWM	1
../Core/Src/main.c:420:6:ForwardMotorA	1
../Core/Src/main.c:427:6:ForwardMotorB	1
../Core/Src/main.c:433:6:ParaTrasMotorA	1
../Core/Src/main.c:439:6:ParaTrasMotorB	1
../Core/Src/main.c:452:5:main	5
../Core/Src/main.c:559:6:SystemClock_Config	3
../Core/Src/main.c:601:13:MX_ADC1_Init	3
../Core/Src/main.c:653:13:MX_TIM1_Init	5
../Core/Src/main.c:718:13:MX_TIM2_Init	4
../Core/Src/main.c:767:13:MX_GPIO_Init	1
../Core/Src/main.c:836:6:Error_Handler	1
