../Core/Src/main.c:120:6:HAL_GPIO_EXTI_Callback	16	static
../Core/Src/main.c:135:6:selecionarPinoMux	24	static
../Core/Src/main.c:165:6:calibrarBranco	24	static
../Core/Src/main.c:190:6:calibrarPreto	24	static
../Core/Src/main.c:215:6:calcularMediaSensores	16	static
../Core/Src/main.c:223:6:aplicarCalibracao	24	static
../Core/Src/main.c:314:6:leituraLinha	24	static
../Core/Src/main.c:344:6:PID	4	static
../Core/Src/main.c:397:6:setPWM	4	static
../Core/Src/main.c:405:6:ligarMotorA	8	static
../Core/Src/main.c:412:6:ligarMotorB	8	static
../Core/Src/main.c:424:5:main	8	static
../Core/Src/main.c:530:6:SystemClock_Config	88	static
../Core/Src/main.c:572:13:MX_ADC1_Init	24	static
../Core/Src/main.c:624:13:MX_TIM1_Init	80	static
../Core/Src/main.c:689:13:MX_TIM2_Init	48	static
../Core/Src/main.c:738:13:MX_GPIO_Init	40	static
../Core/Src/main.c:807:6:Error_Handler	4	static,ignoring_inline_asm
