../Core/Src/main.c:126:6:HAL_GPIO_EXTI_Callback	3
../Core/Src/main.c:141:6:selecionarPinoMux	5
../Core/Src/main.c:171:6:calibrarBranco	4
../Core/Src/main.c:196:6:calibrarPreto	4
../Core/Src/main.c:222:6:calcularMediaSensores	2
../Core/Src/main.c:230:6:aplicarCalibracao	16
../Core/Src/main.c:321:6:leituraLinha	3
../Core/Src/main.c:365:6:PID	12
../Core/Src/main.c:466:6:setPWM	1
../Core/Src/main.c:474:6:ForwardMotorA	1
../Core/Src/main.c:481:6:ForwardMotorB	1
../Core/Src/main.c:487:6:ParaTrasMotorA	1
../Core/Src/main.c:493:6:ParaTrasMotorB	1
../Core/Src/main.c:506:5:main	5
../Core/Src/main.c:613:6:SystemClock_Config	3
../Core/Src/main.c:655:13:MX_ADC1_Init	3
../Core/Src/main.c:707:13:MX_TIM1_Init	5
../Core/Src/main.c:772:13:MX_TIM2_Init	4
../Core/Src/main.c:821:13:MX_GPIO_Init	1
../Core/Src/main.c:890:6:Error_Handler	1
