../Core/Src/main.c:105:6:HAL_GPIO_EXTI_Callback	16	static
../Core/Src/main.c:122:6:selecionarPinoMux	24	static
../Core/Src/main.c:152:6:calibrarBranco	24	static
../Core/Src/main.c:177:6:calibrarPreto	24	static
../Core/Src/main.c:202:6:calcularMediaSensores	16	static
../Core/Src/main.c:210:6:aplicarCalibracao	24	static
../Core/Src/main.c:301:6:leituraLinha	24	static
../Core/Src/main.c:328:6:PID	4	static
../Core/Src/main.c:355:6:setPWM	8	static
../Core/Src/main.c:371:5:main	8	static
../Core/Src/main.c:452:6:SystemClock_Config	88	static
../Core/Src/main.c:494:13:MX_ADC1_Init	24	static
../Core/Src/main.c:546:13:MX_TIM1_Init	80	static
../Core/Src/main.c:611:13:MX_TIM2_Init	48	static
../Core/Src/main.c:660:13:MX_GPIO_Init	40	static
../Core/Src/main.c:729:6:Error_Handler	4	static,ignoring_inline_asm
